
Allocating common symbols
Common symbol       size              file

TASK_demo2_H        0x1               out/main.o
TASK_demo1_H        0x1               out/main.o
TASK_demo3_H        0x1               out/main.o
TASK_alive_H        0x1               out/main.o
SCHEDULER_task_list
                    0x110             out/scheduler.o

Discarded input sections

 .text          0x00000000       0x14 out/startup_stm32f4xx.o
 .data          0x00000000        0x0 out/startup_stm32f4xx.o
 .bss           0x00000000        0x0 out/startup_stm32f4xx.o
 .text          0x00000000        0x0 out/main.o
 .data          0x00000000        0x0 out/main.o
 .bss           0x00000000        0x0 out/main.o
 .text          0x00000000        0x0 out/scheduler.o
 .data          0x00000000        0x0 out/scheduler.o
 .bss           0x00000000        0x0 out/scheduler.o
 .text.SCHEDULER_delete_task
                0x00000000       0x2c out/scheduler.o
 .text.SCHEDULER_disable_task
                0x00000000       0x1c out/scheduler.o
 .text.SCHEDULER_enable_task
                0x00000000       0x3c out/scheduler.o
 .text.SCHEDULER_set_interval
                0x00000000       0x14 out/scheduler.o
 .text          0x00000000        0x0 out/stm32f4xx_it.o
 .data          0x00000000        0x0 out/stm32f4xx_it.o
 .bss           0x00000000        0x0 out/stm32f4xx_it.o
 .text.SVC_Handler
                0x00000000        0x4 out/stm32f4xx_it.o
 .text.PendSV_Handler
                0x00000000        0x4 out/stm32f4xx_it.o
 .text          0x00000000        0x0 out/system_stm32f4xx.o
 .data          0x00000000        0x0 out/system_stm32f4xx.o
 .bss           0x00000000        0x0 out/system_stm32f4xx.o
 .text.SystemCoreClockUpdate
                0x00000000       0x90 out/system_stm32f4xx.o
 .data.AHBPrescTable
                0x00000000       0x10 out/system_stm32f4xx.o
 .data.SystemCoreClock
                0x00000000        0x4 out/system_stm32f4xx.o
 .text          0x00000000        0x0 out/misc.o
 .data          0x00000000        0x0 out/misc.o
 .bss           0x00000000        0x0 out/misc.o
 .text.NVIC_PriorityGroupConfig
                0x00000000       0x14 out/misc.o
 .text.NVIC_SetVectorTable
                0x00000000       0x14 out/misc.o
 .text.NVIC_SystemLPConfig
                0x00000000       0x1c out/misc.o
 .text.SysTick_CLKSourceConfig
                0x00000000       0x18 out/misc.o
 .text          0x00000000        0x0 out/stm32f4xx_adc.o
 .data          0x00000000        0x0 out/stm32f4xx_adc.o
 .bss           0x00000000        0x0 out/stm32f4xx_adc.o
 .text.ADC_DeInit
                0x00000000       0x18 out/stm32f4xx_adc.o
 .text.ADC_Init
                0x00000000       0x50 out/stm32f4xx_adc.o
 .text.ADC_StructInit
                0x00000000       0x14 out/stm32f4xx_adc.o
 .text.ADC_CommonInit
                0x00000000       0x2c out/stm32f4xx_adc.o
 .text.ADC_CommonStructInit
                0x00000000        0xc out/stm32f4xx_adc.o
 .text.ADC_Cmd  0x00000000       0x18 out/stm32f4xx_adc.o
 .text.ADC_AnalogWatchdogCmd
                0x00000000       0x10 out/stm32f4xx_adc.o
 .text.ADC_AnalogWatchdogThresholdsConfig
                0x00000000        0x8 out/stm32f4xx_adc.o
 .text.ADC_AnalogWatchdogSingleChannelConfig
                0x00000000        0xc out/stm32f4xx_adc.o
 .text.ADC_TempSensorVrefintCmd
                0x00000000       0x20 out/stm32f4xx_adc.o
 .text.ADC_VBATCmd
                0x00000000       0x20 out/stm32f4xx_adc.o
 .text.ADC_RegularChannelConfig
                0x00000000       0x94 out/stm32f4xx_adc.o
 .text.ADC_SoftwareStartConv
                0x00000000        0xc out/stm32f4xx_adc.o
 .text.ADC_GetSoftwareStartConvStatus
                0x00000000        0x8 out/stm32f4xx_adc.o
 .text.ADC_EOCOnEachRegularChannelCmd
                0x00000000       0x18 out/stm32f4xx_adc.o
 .text.ADC_ContinuousModeCmd
                0x00000000       0x18 out/stm32f4xx_adc.o
 .text.ADC_DiscModeChannelCountConfig
                0x00000000       0x10 out/stm32f4xx_adc.o
 .text.ADC_DiscModeCmd
                0x00000000       0x18 out/stm32f4xx_adc.o
 .text.ADC_GetConversionValue
                0x00000000        0x8 out/stm32f4xx_adc.o
 .text.ADC_GetMultiModeConversionValue
                0x00000000        0xc out/stm32f4xx_adc.o
 .text.ADC_DMACmd
                0x00000000       0x18 out/stm32f4xx_adc.o
 .text.ADC_DMARequestAfterLastTransferCmd
                0x00000000       0x18 out/stm32f4xx_adc.o
 .text.ADC_MultiModeDMARequestAfterLastTransferCmd
                0x00000000       0x20 out/stm32f4xx_adc.o
 .text.ADC_InjectedChannelConfig
                0x00000000       0x60 out/stm32f4xx_adc.o
 .text.ADC_InjectedSequencerLengthConfig
                0x00000000       0x10 out/stm32f4xx_adc.o
 .text.ADC_SetInjectedOffset
                0x00000000       0x18 out/stm32f4xx_adc.o
 .text.ADC_ExternalTrigInjectedConvConfig
                0x00000000        0xc out/stm32f4xx_adc.o
[...]
Memory Configuration

Name             Origin             Length             Attributes
FLASH            0x08000000         0x00100000         xr
RAM              0x20000000         0x00020000         xrw
MEMORY_B1        0x60000000         0x00000000         xr
*default*        0x00000000         0xffffffff

Linker script and memory map

LOAD out/startup_stm32f4xx.o
LOAD out/main.o
LOAD out/scheduler.o
LOAD out/stm32f4xx_it.o
LOAD out/system_stm32f4xx.o
LOAD out/misc.o
LOAD out/stm32f4xx_adc.o
LOAD out/stm32f4xx_can.o
LOAD out/stm32f4xx_crc.o
LOAD out/stm32f4xx_cryp.o
LOAD out/stm32f4xx_cryp_aes.o
LOAD out/stm32f4xx_cryp_des.o
LOAD out/stm32f4xx_cryp_tdes.o
LOAD out/stm32f4xx_dac.o
LOAD out/stm32f4xx_dbgmcu.o
LOAD out/stm32f4xx_dcmi.o
LOAD out/stm32f4xx_dma.o
LOAD out/stm32f4xx_exti.o
LOAD out/stm32f4xx_flash.o
LOAD out/stm32f4xx_fsmc.o
LOAD out/stm32f4xx_gpio.o
LOAD out/stm32f4xx_hash.o
LOAD out/stm32f4xx_hash_md5.o
LOAD out/stm32f4xx_hash_sha1.o
LOAD out/stm32f4xx_i2c.o
LOAD out/stm32f4xx_iwdg.o
LOAD out/stm32f4xx_pwr.o
LOAD out/stm32f4xx_rcc.o
LOAD out/stm32f4xx_rng.o
LOAD out/stm32f4xx_rtc.o
LOAD out/stm32f4xx_sdio.o
LOAD out/stm32f4xx_spi.o
LOAD out/stm32f4xx_syscfg.o
LOAD out/stm32f4xx_tim.o
LOAD out/stm32f4xx_usart.o
LOAD out/stm32f4xx_wwdg.o
LOAD c:/gccarm/bin/../lib/gcc/arm-none-eabi/4.8.3/../../../../arm-none-eabi/lib/armv7e-m/softfp\libstdc++.a
LOAD c:/gccarm/bin/../lib/gcc/arm-none-eabi/4.8.3/../../../../arm-none-eabi/lib/armv7e-m/softfp\libm.a
START GROUP
LOAD c:/gccarm/bin/../lib/gcc/arm-none-eabi/4.8.3/armv7e-m/softfp\libgcc.a
LOAD c:/gccarm/bin/../lib/gcc/arm-none-eabi/4.8.3/../../../../arm-none-eabi/lib/armv7e-m/softfp\libg.a
LOAD c:/gccarm/bin/../lib/gcc/arm-none-eabi/4.8.3/../../../../arm-none-eabi/lib/armv7e-m/softfp\libc.a
END GROUP
                0x20020000                _estack = 0x20020000
                0x00000000                _Min_Heap_Size = 0x0
                0x00000400                _Min_Stack_Size = 0x400

.isr_vector     0x08000000      0x1ac
                0x08000000                . = ALIGN (0x4)
 *(.isr_vector)
 .isr_vector    0x08000000      0x1ac out/startup_stm32f4xx.o
                0x08000000                g_pfnVectors
                0x080001ac                . = ALIGN (0x4)

.text           0x080001ac      0x698
                0x080001ac                . = ALIGN (0x4)
 *(.text)
 *(.text*)
 .text.Reset_Handler
                0x080001ac       0x4c out/startup_stm32f4xx.o
                0x080001ac                Reset_Handler
 .text.Default_Handler
                0x080001f8        0x4 out/startup_stm32f4xx.o
                0x080001f8                RTC_Alarm_IRQHandler
                0x080001f8                HASH_RNG_IRQHandler
                0x080001f8                EXTI2_IRQHandler
                0x080001f8                TIM8_CC_IRQHandler
                0x080001f8                UART8_IRQHandler
                0x080001f8                SPI4_IRQHandler
                0x080001f8                TIM1_CC_IRQHandler
                0x080001f8                DMA2_Stream5_IRQHandler
                0x080001f8                DMA1_Stream5_IRQHandler
                0x080001f8                SysTick_Handler
                0x080001f8                PVD_IRQHandler
                0x080001f8                SDIO_IRQHandler
                0x080001f8                TAMP_STAMP_IRQHandler
                0x080001f8                CAN2_RX1_IRQHandler
                0x080001f8                EXTI3_IRQHandler
                0x080001f8                TIM8_TRG_COM_TIM14_IRQHandler
                0x080001f8                TIM1_UP_TIM10_IRQHandler
                0x080001f8                TIM8_UP_TIM13_IRQHandler
                0x080001f8                I2C3_ER_IRQHandler
                0x080001f8                EXTI0_IRQHandler
                0x080001f8                I2C2_EV_IRQHandler
                0x080001f8                DMA1_Stream2_IRQHandler
                0x080001f8                CAN1_RX0_IRQHandler
                0x080001f8                FPU_IRQHandler
                0x080001f8                OTG_HS_WKUP_IRQHandler
                0x080001f8                LTDC_ER_IRQHandler
                0x080001f8                CAN2_SCE_IRQHandler
                0x080001f8                DMA2_Stream2_IRQHandler
                0x080001f8                SPI1_IRQHandler
                0x080001f8                TIM6_DAC_IRQHandler
                0x080001f8                TIM1_BRK_TIM9_IRQHandler
                0x080001f8                DCMI_IRQHandler
                0x080001f8                CAN2_RX0_IRQHandler
                0x080001f8                DMA2_Stream3_IRQHandler
                0x080001f8                USART6_IRQHandler
                0x080001f8                USART3_IRQHandler
                0x080001f8                CRYP_IRQHandler
                0x080001f8                CAN1_RX1_IRQHandler
                0x080001f8                UART5_IRQHandler
                0x080001f8                DMA2_Stream0_IRQHandler
                0x080001f8                TIM4_IRQHandler
                0x080001f8                I2C1_EV_IRQHandler
                0x080001f8                DMA1_Stream6_IRQHandler
                0x080001f8                DMA1_Stream1_IRQHandler
                0x080001f8                UART4_IRQHandler
                0x080001f8                TIM3_IRQHandler
                0x080001f8                RCC_IRQHandler
                0x080001f8                TIM8_BRK_TIM12_IRQHandler
                0x080001f8                Default_Handler
                0x080001f8                EXTI15_10_IRQHandler
                0x080001f8                ADC_IRQHandler
                0x080001f8                DMA1_Stream7_IRQHandler
                0x080001f8                SPI5_IRQHandler
                0x080001f8                CAN2_TX_IRQHandler
                0x080001f8                TIM5_IRQHandler
                0x080001f8                DMA2_Stream7_IRQHandler
                0x080001f8                I2C3_EV_IRQHandler
                0x080001f8                EXTI9_5_IRQHandler
                0x080001f8                RTC_WKUP_IRQHandler
                0x080001f8                LTDC_IRQHandler
                0x080001f8                ETH_WKUP_IRQHandler
                0x080001f8                SPI2_IRQHandler
                0x080001f8                OTG_HS_EP1_IN_IRQHandler
                0x080001f8                DMA1_Stream0_IRQHandler
                0x080001f8                CAN1_TX_IRQHandler
                0x080001f8                EXTI4_IRQHandler
                0x080001f8                FSMC_IRQHandler
                0x080001f8                ETH_IRQHandler
                0x080001f8                OTG_HS_EP1_OUT_IRQHandler
                0x080001f8                WWDG_IRQHandler
                0x080001f8                SPI6_IRQHandler
                0x080001f8                TIM2_IRQHandler
                0x080001f8                OTG_FS_WKUP_IRQHandler
                0x080001f8                TIM1_TRG_COM_TIM11_IRQHandler
                0x080001f8                OTG_HS_IRQHandler
                0x080001f8                DMA2D_IRQHandler
                0x080001f8                EXTI1_IRQHandler
                0x080001f8                UART7_IRQHandler
                0x080001f8                USART2_IRQHandler
                0x080001f8                I2C2_ER_IRQHandler
                0x080001f8                DMA2_Stream1_IRQHandler
                0x080001f8                CAN1_SCE_IRQHandler
                0x080001f8                FLASH_IRQHandler
                0x080001f8                DMA2_Stream4_IRQHandler
                0x080001f8                USART1_IRQHandler
                0x080001f8                OTG_FS_IRQHandler
                0x080001f8                SPI3_IRQHandler
                0x080001f8                DMA1_Stream4_IRQHandler
                0x080001f8                I2C1_ER_IRQHandler
                0x080001f8                DMA2_Stream6_IRQHandler
                0x080001f8                SAI1_IRQHandler
                0x080001f8                DMA1_Stream3_IRQHandler
 .text.TASK_alive
                0x080001fc       0x10 out/main.o
                0x080001fc                TASK_alive
 .text.TASK_demo1
                0x0800020c       0x10 out/main.o
                0x0800020c                TASK_demo1
 .text.TASK_demo2
                0x0800021c       0x10 out/main.o
                0x0800021c                TASK_demo2
 .text.TASK_demo3
                0x0800022c       0x10 out/main.o
                0x0800022c                TASK_demo3
 .text.LED_init
                0x0800023c       0x70 out/main.o
                0x0800023c                LED_init
 .text.main     0x080002ac       0x70 out/main.o
                0x080002ac                main
 .text.SCHEDULER_foo
                0x0800031c        0x4 out/scheduler.o
                0x0800031c                SCHEDULER_foo
 .text.SCHEDULER_init
                0x08000320       0x70 out/scheduler.o
                0x08000320                SCHEDULER_init
 .text.TIM7_IRQHandler
                0x08000390       0x68 out/scheduler.o
                0x08000390                TIM7_IRQHandler
 .text.SCHEDULER_set_task
                0x080003f8       0xb4 out/scheduler.o
                0x080003f8                SCHEDULER_set_task
 .text.SCHEDULER_start
                0x080004ac       0x8c out/scheduler.o
                0x080004ac                SCHEDULER_start
 .text.NMI_Handler
                0x08000538        0x4 out/stm32f4xx_it.o
                0x08000538                NMI_Handler
 .text.HardFault_Handler
                0x0800053c        0x4 out/stm32f4xx_it.o
                0x0800053c                HardFault_Handler
 .text.MemManage_Handler
                0x08000540        0x4 out/stm32f4xx_it.o
                0x08000540                MemManage_Handler
 .text.BusFault_Handler
                0x08000544        0x4 out/stm32f4xx_it.o
                0x08000544                BusFault_Handler
 .text.UsageFault_Handler
                0x08000548        0x4 out/stm32f4xx_it.o
                0x08000548                UsageFault_Handler
 .text.DebugMon_Handler
                0x0800054c        0x4 out/stm32f4xx_it.o
                0x0800054c                DebugMon_Handler
 .text.SystemInit
                0x08000550       0xf4 out/system_stm32f4xx.o
                0x08000550                SystemInit
 .text.NVIC_Init
                0x08000644       0x70 out/misc.o
                0x08000644                NVIC_Init
 .text.GPIO_Init
                0x080006b4       0x90 out/stm32f4xx_gpio.o
                0x080006b4                GPIO_Init
 .text.GPIO_WriteBit
                0x08000744        0xc out/stm32f4xx_gpio.o
                0x08000744                GPIO_WriteBit
 .text.RCC_AHB1PeriphClockCmd
                0x08000750       0x1c out/stm32f4xx_rcc.o
                0x08000750                RCC_AHB1PeriphClockCmd
 .text.RCC_APB1PeriphClockCmd
                0x0800076c       0x1c out/stm32f4xx_rcc.o
                0x0800076c                RCC_APB1PeriphClockCmd
 .text.TIM_TimeBaseInit
                0x08000788       0x88 out/stm32f4xx_tim.o
                0x08000788                TIM_TimeBaseInit
 .text.TIM_Cmd  0x08000810       0x1c out/stm32f4xx_tim.o
                0x08000810                TIM_Cmd
 .text.TIM_ITConfig
                0x0800082c       0x18 out/stm32f4xx_tim.o
                0x0800082c                TIM_ITConfig
 *(.rodata)
 *(.rodata*)
 *(.glue_7)
 .glue_7        0x00000000        0x0 linker stubs
 *(.glue_7t)
 .glue_7t       0x00000000        0x0 linker stubs
 *(.eh_frame)
 *(.init)
 *(.fini)
                0x08000844                . = ALIGN (0x4)
                0x08000844                _etext = .

.vfp11_veneer   0x08000844        0x0
 .vfp11_veneer  0x00000000        0x0 linker stubs

.v4_bx          0x08000844        0x0
 .v4_bx         0x00000000        0x0 linker stubs

.iplt           0x08000844        0x0
 .iplt          0x00000000        0x0 out/startup_stm32f4xx.o

.rel.dyn        0x08000844        0x0
 .rel.iplt      0x00000000        0x0 out/startup_stm32f4xx.o

.ARM.extab
 *(.ARM.extab* .gnu.linkonce.armextab.*)

.ARM            0x08000844        0x0
                0x08000844                __exidx_start = .
 *(.ARM.exidx*)
                0x08000844                __exidx_end = .

.preinit_array  0x08000844        0x0
                0x08000844                PROVIDE (__preinit_array_start, .)
 *(.preinit_array*)
                0x08000844                PROVIDE (__preinit_array_end, .)

.init_array     0x08000844        0x0
                0x08000844                PROVIDE (__init_array_start, .)
 *(SORT(.init_array.*))
 *(.init_array*)
                0x08000844                PROVIDE (__init_array_end, .)

.fini_array     0x08000844        0x0
                0x08000844                PROVIDE (__fini_array_start, .)
 *(.fini_array*)
 *(SORT(.fini_array.*))
                0x08000844                PROVIDE (__fini_array_end, .)
                0x08000844                _sidata = .

.data           0x20000000        0x0 load address 0x08000844
                0x20000000                . = ALIGN (0x4)
                0x20000000                _sdata = .
 *(.data)
 *(.data*)
                0x20000000                . = ALIGN (0x4)
                0x20000000                _edata = .

.igot.plt       0x20000000        0x0 load address 0x08000844
 .igot.plt      0x00000000        0x0 out/startup_stm32f4xx.o
                0x20000000                . = ALIGN (0x4)

.bss            0x20000000      0x11c load address 0x08000844
                0x20000000                _sbss = .
                0x20000000                __bss_start__ = _sbss
 *(.bss)
 *(.bss*)
 .bss.SCHEDULER_triggered
                0x20000000        0x1 out/scheduler.o
                0x20000000                SCHEDULER_triggered
 *fill*         0x20000001        0x3 
 .bss.SCHEDULER_time
                0x20000004        0x4 out/scheduler.o
                0x20000004                SCHEDULER_time
 *(COMMON)
 COMMON         0x20000008        0x4 out/main.o
                0x20000008                TASK_demo2_H
                0x20000009                TASK_demo1_H
                0x2000000a                TASK_demo3_H
                0x2000000b                TASK_alive_H
 COMMON         0x2000000c      0x110 out/scheduler.o
                0x2000000c                SCHEDULER_task_list
                0x2000011c                . = ALIGN (0x4)
                0x2000011c                _ebss = .
                0x2000011c                __bss_end__ = _ebss

._user_heap_stack
                0x2000011c      0x400 load address 0x08000844
                0x2000011c                . = ALIGN (0x4)
                0x2000011c                PROVIDE (end, .)
                0x2000011c                PROVIDE (_end, .)
                0x2000011c                . = (. + _Min_Heap_Size)
                0x2000051c                . = (. + _Min_Stack_Size)
 *fill*         0x2000011c      0x400 
                0x2000051c                . = ALIGN (0x4)

.memory_b1_text
 *(.mb1text)
 *(.mb1text*)
 *(.mb1rodata)
 *(.mb1rodata*)

/DISCARD/
 libc.a(*)
 libm.a(*)
 libgcc.a(*)

.ARM.attributes
                0x00000000       0x33
 *(.ARM.attributes)
 .ARM.attributes
                0x00000000       0x21 out/startup_stm32f4xx.o
 .ARM.attributes
                0x00000021       0x37 out/main.o
 .ARM.attributes
                0x00000058       0x37 out/scheduler.o
 .ARM.attributes
                0x0000008f       0x37 out/stm32f4xx_it.o
 .ARM.attributes
                0x000000c6       0x37 out/system_stm32f4xx.o
 .ARM.attributes
                0x000000fd       0x37 out/misc.o
 .ARM.attributes
                0x00000134       0x37 out/stm32f4xx_gpio.o
 .ARM.attributes
                0x0000016b       0x37 out/stm32f4xx_rcc.o
 .ARM.attributes
                0x000001a2       0x37 out/stm32f4xx_tim.o
OUTPUT(out/FIRMWARE.elf elf32-littlearm)

.debug_line     0x00000000     0x19ab
 .debug_line    0x00000000       0x75 out/startup_stm32f4xx.o
 .debug_line    0x00000075      0x1d7 out/main.o
 .debug_line    0x0000024c      0x260 out/scheduler.o
 .debug_line    0x000004ac      0x13f out/stm32f4xx_it.o
 .debug_line    0x000005eb      0x14b out/system_stm32f4xx.o
 .debug_line    0x00000736      0x1ab out/misc.o
 .debug_line    0x000008e1      0x2a7 out/stm32f4xx_gpio.o
 .debug_line    0x00000b88      0x4c7 out/stm32f4xx_rcc.o
 .debug_line    0x0000104f      0x95c out/stm32f4xx_tim.o

.debug_info     0x00000000     0x5777
 .debug_info    0x00000000       0x5d out/startup_stm32f4xx.o
 .debug_info    0x0000005d      0x622 out/main.o
 .debug_info    0x0000067f      0x9e1 out/scheduler.o
 .debug_info    0x00001060      0x148 out/stm32f4xx_it.o
 .debug_info    0x000011a8      0x675 out/system_stm32f4xx.o
 .debug_info    0x0000181d      0x5b9 out/misc.o
 .debug_info    0x00001dd6      0x83d out/stm32f4xx_gpio.o
 .debug_info    0x00002613      0xdaf out/stm32f4xx_rcc.o
 .debug_info    0x000033c2     0x23b5 out/stm32f4xx_tim.o

.debug_abbrev   0x00000000      0xe5f
 .debug_abbrev  0x00000000       0x12 out/startup_stm32f4xx.o
 .debug_abbrev  0x00000012      0x1ef out/main.o
 .debug_abbrev  0x00000201      0x24b out/scheduler.o
 .debug_abbrev  0x0000044c       0x69 out/stm32f4xx_it.o
 .debug_abbrev  0x000004b5      0x163 out/system_stm32f4xx.o
 .debug_abbrev  0x00000618      0x154 out/misc.o
 .debug_abbrev  0x0000076c      0x21b out/stm32f4xx_gpio.o
 .debug_abbrev  0x00000987      0x243 out/stm32f4xx_rcc.o
 .debug_abbrev  0x00000bca      0x295 out/stm32f4xx_tim.o

.debug_aranges  0x00000000      0x678
 .debug_aranges
                0x00000000       0x28 out/startup_stm32f4xx.o
 .debug_aranges
                0x00000028       0x48 out/main.o
 .debug_aranges
                0x00000070       0x60 out/scheduler.o
 .debug_aranges
                0x000000d0       0x58 out/stm32f4xx_it.o
 .debug_aranges
                0x00000128       0x28 out/system_stm32f4xx.o
 .debug_aranges
                0x00000150       0x40 out/misc.o
 .debug_aranges
                0x00000190       0x88 out/stm32f4xx_gpio.o
 .debug_aranges
                0x00000218      0x178 out/stm32f4xx_rcc.o
 .debug_aranges
                0x00000390      0x2e8 out/stm32f4xx_tim.o

.debug_ranges   0x00000000      0x608
 .debug_ranges  0x00000000       0x20 out/startup_stm32f4xx.o
 .debug_ranges  0x00000020       0x38 out/main.o
 .debug_ranges  0x00000058       0x68 out/scheduler.o
 .debug_ranges  0x000000c0       0x48 out/stm32f4xx_it.o
 .debug_ranges  0x00000108       0x18 out/system_stm32f4xx.o
 .debug_ranges  0x00000120       0x30 out/misc.o
 .debug_ranges  0x00000150       0x78 out/stm32f4xx_gpio.o
 .debug_ranges  0x000001c8      0x168 out/stm32f4xx_rcc.o
 .debug_ranges  0x00000330      0x2d8 out/stm32f4xx_tim.o

.debug_loc      0x00000000     0x31fc
 .debug_loc     0x00000000       0x4c out/main.o
 .debug_loc     0x0000004c      0x2fc out/scheduler.o
 .debug_loc     0x00000348      0x13f out/system_stm32f4xx.o
 .debug_loc     0x00000487      0x1b9 out/misc.o
 .debug_loc     0x00000640      0x352 out/stm32f4xx_gpio.o
 .debug_loc     0x00000992      0xaf6 out/stm32f4xx_rcc.o
 .debug_loc     0x00001488     0x1d74 out/stm32f4xx_tim.o

.debug_str      0x00000000     0x2119
 .debug_str     0x00000000      0x442 out/main.o
                                0x4a3 (size before relaxing)
 .debug_str     0x00000442      0x845 out/scheduler.o
                                0xa8f (size before relaxing)
 .debug_str     0x00000c87       0x93 out/stm32f4xx_it.o
                                0x239 (size before relaxing)
 .debug_str     0x00000d1a      0x1c4 out/system_stm32f4xx.o
                                0x413 (size before relaxing)
 .debug_str     0x00000ede      0x150 out/misc.o
                                0x43c (size before relaxing)
 .debug_str     0x0000102e      0x180 out/stm32f4xx_gpio.o
                                0x538 (size before relaxing)
 .debug_str     0x000011ae      0x51b out/stm32f4xx_rcc.o
                                0x8d1 (size before relaxing)
 .debug_str     0x000016c9      0xa50 out/stm32f4xx_tim.o
                                0xe6c (size before relaxing)

.comment        0x00000000       0x70
 .comment       0x00000000       0x70 out/main.o
                                 0x71 (size before relaxing)
 .comment       0x00000000       0x71 out/scheduler.o
 .comment       0x00000000       0x71 out/stm32f4xx_it.o
 .comment       0x00000000       0x71 out/system_stm32f4xx.o
 .comment       0x00000000       0x71 out/misc.o
 .comment       0x00000000       0x71 out/stm32f4xx_gpio.o
 .comment       0x00000000       0x71 out/stm32f4xx_rcc.o
 .comment       0x00000000       0x71 out/stm32f4xx_tim.o

.debug_frame    0x00000000      0xcd8
 .debug_frame   0x00000000       0x84 out/main.o
 .debug_frame   0x00000084       0xdc out/scheduler.o
 .debug_frame   0x00000160       0x90 out/stm32f4xx_it.o
 .debug_frame   0x000001f0       0x34 out/system_stm32f4xx.o
 .debug_frame   0x00000224       0x68 out/misc.o
 .debug_frame   0x0000028c      0x110 out/stm32f4xx_gpio.o
 .debug_frame   0x0000039c      0x2ec out/stm32f4xx_rcc.o
 .debug_frame   0x00000688      0x650 out/stm32f4xx_tim.o

Cross Reference Table

Symbol                                            File
ADC_AnalogWatchdogCmd                             out/stm32f4xx_adc.o
ADC_AnalogWatchdogSingleChannelConfig             out/stm32f4xx_adc.o
ADC_AnalogWatchdogThresholdsConfig                out/stm32f4xx_adc.o
ADC_AutoInjectedConvCmd                           out/stm32f4xx_adc.o
ADC_ClearFlag                                     out/stm32f4xx_adc.o
ADC_ClearITPendingBit                             out/stm32f4xx_adc.o
ADC_Cmd                                           out/stm32f4xx_adc.o
ADC_CommonInit                                    out/stm32f4xx_adc.o
ADC_CommonStructInit                              out/stm32f4xx_adc.o
ADC_ContinuousModeCmd                             out/stm32f4xx_adc.o
ADC_DMACmd                                        out/stm32f4xx_adc.o
ADC_DMARequestAfterLastTransferCmd                out/stm32f4xx_adc.o
ADC_DeInit                                        out/stm32f4xx_adc.o
ADC_DiscModeChannelCountConfig                    out/stm32f4xx_adc.o
ADC_DiscModeCmd                                   out/stm32f4xx_adc.o
ADC_EOCOnEachRegularChannelCmd                    out/stm32f4xx_adc.o
ADC_ExternalTrigInjectedConvConfig                out/stm32f4xx_adc.o
ADC_ExternalTrigInjectedConvEdgeConfig            out/stm32f4xx_adc.o
ADC_GetConversionValue                            out/stm32f4xx_adc.o
ADC_GetFlagStatus                                 out/stm32f4xx_adc.o
ADC_GetITStatus                                   out/stm32f4xx_adc.o
ADC_GetInjectedConversionValue                    out/stm32f4xx_adc.o
ADC_GetMultiModeConversionValue                   out/stm32f4xx_adc.o
ADC_GetSoftwareStartConvStatus                    out/stm32f4xx_adc.o
ADC_GetSoftwareStartInjectedConvCmdStatus         out/stm32f4xx_adc.o
ADC_IRQHandler                                    out/startup_stm32f4xx.o
ADC_ITConfig                                      out/stm32f4xx_adc.o
ADC_Init                                          out/stm32f4xx_adc.o
ADC_InjectedChannelConfig                         out/stm32f4xx_adc.o
ADC_InjectedDiscModeCmd                           out/stm32f4xx_adc.o
ADC_InjectedSequencerLengthConfig                 out/stm32f4xx_adc.o
ADC_MultiModeDMARequestAfterLastTransferCmd       out/stm32f4xx_adc.o
ADC_RegularChannelConfig                          out/stm32f4xx_adc.o
ADC_SetInjectedOffset                             out/stm32f4xx_adc.o
ADC_SoftwareStartConv                             out/stm32f4xx_adc.o
ADC_SoftwareStartInjectedConv                     out/stm32f4xx_adc.o
ADC_StructInit                                    out/stm32f4xx_adc.o
ADC_TempSensorVrefintCmd                          out/stm32f4xx_adc.o
ADC_VBATCmd                                       out/stm32f4xx_adc.o
AHBPrescTable                                     out/system_stm32f4xx.o
BusFault_Handler                                  out/stm32f4xx_it.o
                                                  out/startup_stm32f4xx.o
CAN1_RX0_IRQHandler                               out/startup_stm32f4xx.o
CAN1_RX1_IRQHandler                               out/startup_stm32f4xx.o
CAN1_SCE_IRQHandler                               out/startup_stm32f4xx.o
CAN1_TX_IRQHandler                                out/startup_stm32f4xx.o
CAN2_RX0_IRQHandler                               out/startup_stm32f4xx.o
CAN2_RX1_IRQHandler                               out/startup_stm32f4xx.o
CAN2_SCE_IRQHandler                               out/startup_stm32f4xx.o
CAN2_TX_IRQHandler                                out/startup_stm32f4xx.o
CAN_CancelTransmit                                out/stm32f4xx_can.o
CAN_ClearFlag                                     out/stm32f4xx_can.o
CAN_ClearITPendingBit                             out/stm32f4xx_can.o
CAN_DBGFreeze                                     out/stm32f4xx_can.o
CAN_DeInit                                        out/stm32f4xx_can.o
CAN_FIFORelease                                   out/stm32f4xx_can.o
CAN_FilterInit                                    out/stm32f4xx_can.o
CAN_GetFlagStatus                                 out/stm32f4xx_can.o
CAN_GetITStatus                                   out/stm32f4xx_can.o
CAN_GetLSBTransmitErrorCounter                    out/stm32f4xx_can.o
CAN_GetLastErrorCode                              out/stm32f4xx_can.o
CAN_GetReceiveErrorCounter                        out/stm32f4xx_can.o
CAN_ITConfig                                      out/stm32f4xx_can.o
CAN_Init                                          out/stm32f4xx_can.o
CAN_MessagePending                                out/stm32f4xx_can.o
CAN_OperatingModeRequest                          out/stm32f4xx_can.o
CAN_Receive                                       out/stm32f4xx_can.o
CAN_SlaveStartBank                                out/stm32f4xx_can.o
CAN_Sleep                                         out/stm32f4xx_can.o
CAN_StructInit                                    out/stm32f4xx_can.o
CAN_TTComModeCmd                                  out/stm32f4xx_can.o
CAN_Transmit                                      out/stm32f4xx_can.o
CAN_TransmitStatus                                out/stm32f4xx_can.o
CAN_WakeUp                                        out/stm32f4xx_can.o
CRC_CalcBlockCRC                                  out/stm32f4xx_crc.o
CRC_CalcCRC                                       out/stm32f4xx_crc.o
CRC_GetCRC                                        out/stm32f4xx_crc.o
CRC_GetIDRegister                                 out/stm32f4xx_crc.o
CRC_ResetDR                                       out/stm32f4xx_crc.o
CRC_SetIDRegister                                 out/stm32f4xx_crc.o
CRYP_AES_CBC                                      out/stm32f4xx_cryp_aes.o
CRYP_AES_CTR                                      out/stm32f4xx_cryp_aes.o
CRYP_AES_ECB                                      out/stm32f4xx_cryp_aes.o
CRYP_Cmd                                          out/stm32f4xx_cryp.o
                                                  out/stm32f4xx_cryp_tdes.o
                                                  out/stm32f4xx_cryp_des.o
                                                  out/stm32f4xx_cryp_aes.o
CRYP_DES_CBC                                      out/stm32f4xx_cryp_des.o
CRYP_DES_ECB                                      out/stm32f4xx_cryp_des.o
CRYP_DMACmd                                       out/stm32f4xx_cryp.o
CRYP_DataIn                                       out/stm32f4xx_cryp.o
                                                  out/stm32f4xx_cryp_tdes.o
                                                  out/stm32f4xx_cryp_des.o
                                                  out/stm32f4xx_cryp_aes.o
CRYP_DataOut                                      out/stm32f4xx_cryp.o
                                                  out/stm32f4xx_cryp_tdes.o
                                                  out/stm32f4xx_cryp_des.o
                                                  out/stm32f4xx_cryp_aes.o
CRYP_DeInit                                       out/stm32f4xx_cryp.o
CRYP_FIFOFlush                                    out/stm32f4xx_cryp.o
                                                  out/stm32f4xx_cryp_tdes.o
                                                  out/stm32f4xx_cryp_des.o
                                                  out/stm32f4xx_cryp_aes.o
CRYP_GetFlagStatus                                out/stm32f4xx_cryp.o
                                                  out/stm32f4xx_cryp_tdes.o
                                                  out/stm32f4xx_cryp_des.o
                                                  out/stm32f4xx_cryp_aes.o
CRYP_GetITStatus                                  out/stm32f4xx_cryp.o
CRYP_IRQHandler                                   out/startup_stm32f4xx.o
CRYP_ITConfig                                     out/stm32f4xx_cryp.o
CRYP_IVInit                                       out/stm32f4xx_cryp.o
                                                  out/stm32f4xx_cryp_tdes.o
                                                  out/stm32f4xx_cryp_des.o
                                                  out/stm32f4xx_cryp_aes.o
CRYP_IVStructInit                                 out/stm32f4xx_cryp.o
CRYP_Init                                         out/stm32f4xx_cryp.o
                                                  out/stm32f4xx_cryp_tdes.o
                                                  out/stm32f4xx_cryp_des.o
                                                  out/stm32f4xx_cryp_aes.o
CRYP_KeyInit                                      out/stm32f4xx_cryp.o
                                                  out/stm32f4xx_cryp_tdes.o
                                                  out/stm32f4xx_cryp_des.o
                                                  out/stm32f4xx_cryp_aes.o
CRYP_KeyStructInit                                out/stm32f4xx_cryp.o
                                                  out/stm32f4xx_cryp_tdes.o
                                                  out/stm32f4xx_cryp_des.o
                                                  out/stm32f4xx_cryp_aes.o
CRYP_RestoreContext                               out/stm32f4xx_cryp.o
CRYP_SaveContext                                  out/stm32f4xx_cryp.o
CRYP_StructInit                                   out/stm32f4xx_cryp.o
CRYP_TDES_CBC                                     out/stm32f4xx_cryp_tdes.o
CRYP_TDES_ECB                                     out/stm32f4xx_cryp_tdes.o
DAC_ClearFlag                                     out/stm32f4xx_dac.o
DAC_ClearITPendingBit                             out/stm32f4xx_dac.o
DAC_Cmd                                           out/stm32f4xx_dac.o
DAC_DMACmd                                        out/stm32f4xx_dac.o
DAC_DeInit                                        out/stm32f4xx_dac.o
DAC_DualSoftwareTriggerCmd                        out/stm32f4xx_dac.o
DAC_GetDataOutputValue                            out/stm32f4xx_dac.o
DAC_GetFlagStatus                                 out/stm32f4xx_dac.o
DAC_GetITStatus                                   out/stm32f4xx_dac.o
DAC_ITConfig                                      out/stm32f4xx_dac.o
DAC_Init                                          out/stm32f4xx_dac.o
DAC_SetChannel1Data                               out/stm32f4xx_dac.o
DAC_SetChannel2Data                               out/stm32f4xx_dac.o
DAC_SetDualChannelData                            out/stm32f4xx_dac.o
DAC_SoftwareTriggerCmd                            out/stm32f4xx_dac.o
DAC_StructInit                                    out/stm32f4xx_dac.o
DAC_WaveGenerationCmd                             out/stm32f4xx_dac.o
DBGMCU_APB1PeriphConfig                           out/stm32f4xx_dbgmcu.o
DBGMCU_APB2PeriphConfig                           out/stm32f4xx_dbgmcu.o
DBGMCU_Config                                     out/stm32f4xx_dbgmcu.o
DBGMCU_GetDEVID                                   out/stm32f4xx_dbgmcu.o
DBGMCU_GetREVID                                   out/stm32f4xx_dbgmcu.o
DCMI_CROPCmd                                      out/stm32f4xx_dcmi.o
DCMI_CROPConfig                                   out/stm32f4xx_dcmi.o
DCMI_CaptureCmd                                   out/stm32f4xx_dcmi.o
DCMI_ClearFlag                                    out/stm32f4xx_dcmi.o
DCMI_ClearITPendingBit                            out/stm32f4xx_dcmi.o
DCMI_Cmd                                          out/stm32f4xx_dcmi.o
DCMI_DeInit                                       out/stm32f4xx_dcmi.o
DCMI_GetFlagStatus                                out/stm32f4xx_dcmi.o
DCMI_GetITStatus                                  out/stm32f4xx_dcmi.o
DCMI_IRQHandler                                   out/startup_stm32f4xx.o
DCMI_ITConfig                                     out/stm32f4xx_dcmi.o
DCMI_Init                                         out/stm32f4xx_dcmi.o
DCMI_JPEGCmd                                      out/stm32f4xx_dcmi.o
DCMI_ReadData                                     out/stm32f4xx_dcmi.o
DCMI_SetEmbeddedSynchroCodes                      out/stm32f4xx_dcmi.o
DCMI_StructInit                                   out/stm32f4xx_dcmi.o
DMA1_Stream0_IRQHandler                           out/startup_stm32f4xx.o
DMA1_Stream1_IRQHandler                           out/startup_stm32f4xx.o
DMA1_Stream2_IRQHandler                           out/startup_stm32f4xx.o
DMA1_Stream3_IRQHandler                           out/startup_stm32f4xx.o
DMA1_Stream4_IRQHandler                           out/startup_stm32f4xx.o
DMA1_Stream5_IRQHandler                           out/startup_stm32f4xx.o
DMA1_Stream6_IRQHandler                           out/startup_stm32f4xx.o
DMA1_Stream7_IRQHandler                           out/startup_stm32f4xx.o
DMA2D_IRQHandler                                  out/startup_stm32f4xx.o
DMA2_Stream0_IRQHandler                           out/startup_stm32f4xx.o
DMA2_Stream1_IRQHandler                           out/startup_stm32f4xx.o
DMA2_Stream2_IRQHandler                           out/startup_stm32f4xx.o
DMA2_Stream3_IRQHandler                           out/startup_stm32f4xx.o
DMA2_Stream4_IRQHandler                           out/startup_stm32f4xx.o
DMA2_Stream5_IRQHandler                           out/startup_stm32f4xx.o
DMA2_Stream6_IRQHandler                           out/startup_stm32f4xx.o
DMA2_Stream7_IRQHandler                           out/startup_stm32f4xx.o
DMA_ClearFlag                                     out/stm32f4xx_dma.o
DMA_ClearITPendingBit                             out/stm32f4xx_dma.o
DMA_Cmd                                           out/stm32f4xx_dma.o
DMA_DeInit                                        out/stm32f4xx_dma.o
DMA_DoubleBufferModeCmd                           out/stm32f4xx_dma.o
DMA_DoubleBufferModeConfig                        out/stm32f4xx_dma.o
DMA_FlowControllerConfig                          out/stm32f4xx_dma.o
DMA_GetCmdStatus                                  out/stm32f4xx_dma.o
DMA_GetCurrDataCounter                            out/stm32f4xx_dma.o
DMA_GetCurrentMemoryTarget                        out/stm32f4xx_dma.o
DMA_GetFIFOStatus                                 out/stm32f4xx_dma.o
DMA_GetFlagStatus                                 out/stm32f4xx_dma.o
DMA_GetITStatus                                   out/stm32f4xx_dma.o
DMA_ITConfig                                      out/stm32f4xx_dma.o
DMA_Init                                          out/stm32f4xx_dma.o
DMA_MemoryTargetConfig                            out/stm32f4xx_dma.o
DMA_PeriphIncOffsetSizeConfig                     out/stm32f4xx_dma.o
DMA_SetCurrDataCounter                            out/stm32f4xx_dma.o
DMA_StructInit                                    out/stm32f4xx_dma.o
DebugMon_Handler                                  out/stm32f4xx_it.o
                                                  out/startup_stm32f4xx.o
Default_Handler                                   out/startup_stm32f4xx.o
ETH_IRQHandler                                    out/startup_stm32f4xx.o
ETH_WKUP_IRQHandler                               out/startup_stm32f4xx.o
EXTI0_IRQHandler                                  out/startup_stm32f4xx.o
EXTI15_10_IRQHandler                              out/startup_stm32f4xx.o
EXTI1_IRQHandler                                  out/startup_stm32f4xx.o
EXTI2_IRQHandler                                  out/startup_stm32f4xx.o
EXTI3_IRQHandler                                  out/startup_stm32f4xx.o
EXTI4_IRQHandler                                  out/startup_stm32f4xx.o
EXTI9_5_IRQHandler                                out/startup_stm32f4xx.o
EXTI_ClearFlag                                    out/stm32f4xx_exti.o
EXTI_ClearITPendingBit                            out/stm32f4xx_exti.o
EXTI_DeInit                                       out/stm32f4xx_exti.o
EXTI_GenerateSWInterrupt                          out/stm32f4xx_exti.o
EXTI_GetFlagStatus                                out/stm32f4xx_exti.o
EXTI_GetITStatus                                  out/stm32f4xx_exti.o
EXTI_Init                                         out/stm32f4xx_exti.o
EXTI_StructInit                                   out/stm32f4xx_exti.o
FLASH_ClearFlag                                   out/stm32f4xx_flash.o
FLASH_DataCacheCmd                                out/stm32f4xx_flash.o
FLASH_DataCacheReset                              out/stm32f4xx_flash.o
FLASH_EraseAllSectors                             out/stm32f4xx_flash.o
FLASH_EraseSector                                 out/stm32f4xx_flash.o
FLASH_GetFlagStatus                               out/stm32f4xx_flash.o
FLASH_GetStatus                                   out/stm32f4xx_flash.o
FLASH_IRQHandler                                  out/startup_stm32f4xx.o
FLASH_ITConfig                                    out/stm32f4xx_flash.o
FLASH_InstructionCacheCmd                         out/stm32f4xx_flash.o
FLASH_InstructionCacheReset                       out/stm32f4xx_flash.o
FLASH_Lock                                        out/stm32f4xx_flash.o
FLASH_OB_BORConfig                                out/stm32f4xx_flash.o
FLASH_OB_GetBOR                                   out/stm32f4xx_flash.o
FLASH_OB_GetRDP                                   out/stm32f4xx_flash.o
FLASH_OB_GetUser                                  out/stm32f4xx_flash.o
FLASH_OB_GetWRP                                   out/stm32f4xx_flash.o
FLASH_OB_Launch                                   out/stm32f4xx_flash.o
FLASH_OB_Lock                                     out/stm32f4xx_flash.o
FLASH_OB_RDPConfig                                out/stm32f4xx_flash.o
FLASH_OB_Unlock                                   out/stm32f4xx_flash.o
FLASH_OB_UserConfig                               out/stm32f4xx_flash.o
FLASH_OB_WRPConfig                                out/stm32f4xx_flash.o
FLASH_PrefetchBufferCmd                           out/stm32f4xx_flash.o
FLASH_ProgramByte                                 out/stm32f4xx_flash.o
FLASH_ProgramDoubleWord                           out/stm32f4xx_flash.o
FLASH_ProgramHalfWord                             out/stm32f4xx_flash.o
FLASH_ProgramWord                                 out/stm32f4xx_flash.o
FLASH_SetLatency                                  out/stm32f4xx_flash.o
FLASH_Unlock                                      out/stm32f4xx_flash.o
FLASH_WaitForLastOperation                        out/stm32f4xx_flash.o
FPU_IRQHandler                                    out/startup_stm32f4xx.o
FSMC_ClearFlag                                    out/stm32f4xx_fsmc.o
FSMC_ClearITPendingBit                            out/stm32f4xx_fsmc.o
FSMC_GetECC                                       out/stm32f4xx_fsmc.o
FSMC_GetFlagStatus                                out/stm32f4xx_fsmc.o
FSMC_GetITStatus                                  out/stm32f4xx_fsmc.o
FSMC_IRQHandler                                   out/startup_stm32f4xx.o
FSMC_ITConfig                                     out/stm32f4xx_fsmc.o
FSMC_NANDCmd                                      out/stm32f4xx_fsmc.o
FSMC_NANDDeInit                                   out/stm32f4xx_fsmc.o
FSMC_NANDECCCmd                                   out/stm32f4xx_fsmc.o
FSMC_NANDInit                                     out/stm32f4xx_fsmc.o
FSMC_NANDStructInit                               out/stm32f4xx_fsmc.o
FSMC_NORSRAMCmd                                   out/stm32f4xx_fsmc.o
FSMC_NORSRAMDeInit                                out/stm32f4xx_fsmc.o
FSMC_NORSRAMInit                                  out/stm32f4xx_fsmc.o
FSMC_NORSRAMStructInit                            out/stm32f4xx_fsmc.o
FSMC_PCCARDCmd                                    out/stm32f4xx_fsmc.o
FSMC_PCCARDDeInit                                 out/stm32f4xx_fsmc.o
FSMC_PCCARDInit                                   out/stm32f4xx_fsmc.o
FSMC_PCCARDStructInit                             out/stm32f4xx_fsmc.o
GPIO_DeInit                                       out/stm32f4xx_gpio.o
GPIO_Init                                         out/stm32f4xx_gpio.o
                                                  out/main.o
GPIO_PinAFConfig                                  out/stm32f4xx_gpio.o
GPIO_PinLockConfig                                out/stm32f4xx_gpio.o
GPIO_ReadInputData                                out/stm32f4xx_gpio.o
GPIO_ReadInputDataBit                             out/stm32f4xx_gpio.o
GPIO_ReadOutputData                               out/stm32f4xx_gpio.o
GPIO_ReadOutputDataBit                            out/stm32f4xx_gpio.o
GPIO_ResetBits                                    out/stm32f4xx_gpio.o
GPIO_SetBits                                      out/stm32f4xx_gpio.o
GPIO_StructInit                                   out/stm32f4xx_gpio.o
GPIO_ToggleBits                                   out/stm32f4xx_gpio.o
GPIO_Write                                        out/stm32f4xx_gpio.o
GPIO_WriteBit                                     out/stm32f4xx_gpio.o
                                                  out/main.o
HASH_ClearFlag                                    out/stm32f4xx_hash.o
HASH_ClearITPendingBit                            out/stm32f4xx_hash.o
HASH_DMACmd                                       out/stm32f4xx_hash.o
HASH_DataIn                                       out/stm32f4xx_hash.o
                                                  out/stm32f4xx_hash_sha1.o
                                                  out/stm32f4xx_hash_md5.o
HASH_DeInit                                       out/stm32f4xx_hash.o
                                                  out/stm32f4xx_hash_sha1.o
                                                  out/stm32f4xx_hash_md5.o
HASH_GetDigest                                    out/stm32f4xx_hash.o
                                                  out/stm32f4xx_hash_sha1.o
                                                  out/stm32f4xx_hash_md5.o
HASH_GetFlagStatus                                out/stm32f4xx_hash.o
                                                  out/stm32f4xx_hash_sha1.o
                                                  out/stm32f4xx_hash_md5.o
HASH_GetITStatus                                  out/stm32f4xx_hash.o
HASH_GetInFIFOWordsNbr                            out/stm32f4xx_hash.o
HASH_ITConfig                                     out/stm32f4xx_hash.o
HASH_Init                                         out/stm32f4xx_hash.o
                                                  out/stm32f4xx_hash_sha1.o
                                                  out/stm32f4xx_hash_md5.o
HASH_MD5                                          out/stm32f4xx_hash_md5.o
HASH_RNG_IRQHandler                               out/startup_stm32f4xx.o
HASH_Reset                                        out/stm32f4xx_hash.o
HASH_RestoreContext                               out/stm32f4xx_hash.o
HASH_SHA1                                         out/stm32f4xx_hash_sha1.o
HASH_SaveContext                                  out/stm32f4xx_hash.o
HASH_SetLastWordValidBitsNbr                      out/stm32f4xx_hash.o
                                                  out/stm32f4xx_hash_sha1.o
                                                  out/stm32f4xx_hash_md5.o
HASH_StartDigest                                  out/stm32f4xx_hash.o
                                                  out/stm32f4xx_hash_sha1.o
                                                  out/stm32f4xx_hash_md5.o
HASH_StructInit                                   out/stm32f4xx_hash.o
HMAC_MD5                                          out/stm32f4xx_hash_md5.o
HMAC_SHA1                                         out/stm32f4xx_hash_sha1.o
HardFault_Handler                                 out/stm32f4xx_it.o
                                                  out/startup_stm32f4xx.o
I2C1_ER_IRQHandler                                out/startup_stm32f4xx.o
I2C1_EV_IRQHandler                                out/startup_stm32f4xx.o
I2C2_ER_IRQHandler                                out/startup_stm32f4xx.o
I2C2_EV_IRQHandler                                out/startup_stm32f4xx.o
I2C3_ER_IRQHandler                                out/startup_stm32f4xx.o
I2C3_EV_IRQHandler                                out/startup_stm32f4xx.o
I2C_ARPCmd                                        out/stm32f4xx_i2c.o
I2C_AcknowledgeConfig                             out/stm32f4xx_i2c.o
I2C_CalculatePEC                                  out/stm32f4xx_i2c.o
I2C_CheckEvent                                    out/stm32f4xx_i2c.o
I2C_ClearFlag                                     out/stm32f4xx_i2c.o
I2C_ClearITPendingBit                             out/stm32f4xx_i2c.o
I2C_Cmd                                           out/stm32f4xx_i2c.o
I2C_DMACmd                                        out/stm32f4xx_i2c.o
I2C_DMALastTransferCmd                            out/stm32f4xx_i2c.o
I2C_DeInit                                        out/stm32f4xx_i2c.o
I2C_DualAddressCmd                                out/stm32f4xx_i2c.o
I2C_FastModeDutyCycleConfig                       out/stm32f4xx_i2c.o
I2C_GeneralCallCmd                                out/stm32f4xx_i2c.o
I2C_GenerateSTART                                 out/stm32f4xx_i2c.o
I2C_GenerateSTOP                                  out/stm32f4xx_i2c.o
I2C_GetFlagStatus                                 out/stm32f4xx_i2c.o
I2C_GetITStatus                                   out/stm32f4xx_i2c.o
I2C_GetLastEvent                                  out/stm32f4xx_i2c.o
I2C_GetPEC                                        out/stm32f4xx_i2c.o
I2C_ITConfig                                      out/stm32f4xx_i2c.o
I2C_Init                                          out/stm32f4xx_i2c.o
I2C_NACKPositionConfig                            out/stm32f4xx_i2c.o
I2C_OwnAddress2Config                             out/stm32f4xx_i2c.o
I2C_PECPositionConfig                             out/stm32f4xx_i2c.o
I2C_ReadRegister                                  out/stm32f4xx_i2c.o
I2C_ReceiveData                                   out/stm32f4xx_i2c.o
I2C_SMBusAlertConfig                              out/stm32f4xx_i2c.o
I2C_Send7bitAddress                               out/stm32f4xx_i2c.o
I2C_SendData                                      out/stm32f4xx_i2c.o
I2C_SoftwareResetCmd                              out/stm32f4xx_i2c.o
I2C_StretchClockCmd                               out/stm32f4xx_i2c.o
I2C_StructInit                                    out/stm32f4xx_i2c.o
I2C_TransmitPEC                                   out/stm32f4xx_i2c.o
I2S_Cmd                                           out/stm32f4xx_spi.o
I2S_FullDuplexConfig                              out/stm32f4xx_spi.o
I2S_Init                                          out/stm32f4xx_spi.o
I2S_StructInit                                    out/stm32f4xx_spi.o
IWDG_Enable                                       out/stm32f4xx_iwdg.o
IWDG_GetFlagStatus                                out/stm32f4xx_iwdg.o
IWDG_ReloadCounter                                out/stm32f4xx_iwdg.o
IWDG_SetPrescaler                                 out/stm32f4xx_iwdg.o
IWDG_SetReload                                    out/stm32f4xx_iwdg.o
IWDG_WriteAccessCmd                               out/stm32f4xx_iwdg.o
LED_init                                          out/main.o
LTDC_ER_IRQHandler                                out/startup_stm32f4xx.o
LTDC_IRQHandler                                   out/startup_stm32f4xx.o
MemManage_Handler                                 out/stm32f4xx_it.o
                                                  out/startup_stm32f4xx.o
NMI_Handler                                       out/stm32f4xx_it.o
                                                  out/startup_stm32f4xx.o
NVIC_Init                                         out/misc.o
                                                  out/scheduler.o
NVIC_PriorityGroupConfig                          out/misc.o
NVIC_SetVectorTable                               out/misc.o
NVIC_SystemLPConfig                               out/misc.o
OTG_FS_IRQHandler                                 out/startup_stm32f4xx.o
OTG_FS_WKUP_IRQHandler                            out/startup_stm32f4xx.o
OTG_HS_EP1_IN_IRQHandler                          out/startup_stm32f4xx.o
OTG_HS_EP1_OUT_IRQHandler                         out/startup_stm32f4xx.o
OTG_HS_IRQHandler                                 out/startup_stm32f4xx.o
OTG_HS_WKUP_IRQHandler                            out/startup_stm32f4xx.o
PVD_IRQHandler                                    out/startup_stm32f4xx.o
PWR_BackupAccessCmd                               out/stm32f4xx_pwr.o
PWR_BackupRegulatorCmd                            out/stm32f4xx_pwr.o
PWR_ClearFlag                                     out/stm32f4xx_pwr.o
PWR_DeInit                                        out/stm32f4xx_pwr.o
PWR_EnterSTANDBYMode                              out/stm32f4xx_pwr.o
PWR_EnterSTOPMode                                 out/stm32f4xx_pwr.o
PWR_FlashPowerDownCmd                             out/stm32f4xx_pwr.o
PWR_GetFlagStatus                                 out/stm32f4xx_pwr.o
PWR_MainRegulatorModeConfig                       out/stm32f4xx_pwr.o
PWR_PVDCmd                                        out/stm32f4xx_pwr.o
PWR_PVDLevelConfig                                out/stm32f4xx_pwr.o
PWR_WakeUpPinCmd                                  out/stm32f4xx_pwr.o
PendSV_Handler                                    out/stm32f4xx_it.o
                                                  out/startup_stm32f4xx.o
RCC_AHB1PeriphClockCmd                            out/stm32f4xx_rcc.o
                                                  out/main.o
RCC_AHB1PeriphClockLPModeCmd                      out/stm32f4xx_rcc.o
RCC_AHB1PeriphResetCmd                            out/stm32f4xx_rcc.o
                                                  out/stm32f4xx_gpio.o
RCC_AHB2PeriphClockCmd                            out/stm32f4xx_rcc.o
RCC_AHB2PeriphClockLPModeCmd                      out/stm32f4xx_rcc.o
RCC_AHB2PeriphResetCmd                            out/stm32f4xx_rcc.o
                                                  out/stm32f4xx_rng.o
                                                  out/stm32f4xx_hash.o
                                                  out/stm32f4xx_cryp.o
RCC_AHB3PeriphClockCmd                            out/stm32f4xx_rcc.o
RCC_AHB3PeriphClockLPModeCmd                      out/stm32f4xx_rcc.o
RCC_AHB3PeriphResetCmd                            out/stm32f4xx_rcc.o
RCC_APB1PeriphClockCmd                            out/stm32f4xx_rcc.o
                                                  out/scheduler.o
RCC_APB1PeriphClockLPModeCmd                      out/stm32f4xx_rcc.o
RCC_APB1PeriphResetCmd                            out/stm32f4xx_rcc.o
                                                  out/stm32f4xx_wwdg.o
                                                  out/stm32f4xx_usart.o
                                                  out/stm32f4xx_tim.o
                                                  out/stm32f4xx_spi.o
                                                  out/stm32f4xx_pwr.o
                                                  out/stm32f4xx_i2c.o
                                                  out/stm32f4xx_dac.o
                                                  out/stm32f4xx_can.o
RCC_APB2PeriphClockCmd                            out/stm32f4xx_rcc.o
RCC_APB2PeriphClockLPModeCmd                      out/stm32f4xx_rcc.o
RCC_APB2PeriphResetCmd                            out/stm32f4xx_rcc.o
                                                  out/stm32f4xx_usart.o
                                                  out/stm32f4xx_tim.o
                                                  out/stm32f4xx_syscfg.o
                                                  out/stm32f4xx_spi.o
                                                  out/stm32f4xx_sdio.o
                                                  out/stm32f4xx_adc.o
RCC_AdjustHSICalibrationValue                     out/stm32f4xx_rcc.o
RCC_BackupResetCmd                                out/stm32f4xx_rcc.o
RCC_ClearFlag                                     out/stm32f4xx_rcc.o
RCC_ClearITPendingBit                             out/stm32f4xx_rcc.o
RCC_ClockSecuritySystemCmd                        out/stm32f4xx_rcc.o
RCC_DeInit                                        out/stm32f4xx_rcc.o
RCC_GetClocksFreq                                 out/stm32f4xx_rcc.o
                                                  out/stm32f4xx_usart.o
                                                  out/stm32f4xx_i2c.o
RCC_GetFlagStatus                                 out/stm32f4xx_rcc.o
RCC_GetITStatus                                   out/stm32f4xx_rcc.o
RCC_GetSYSCLKSource                               out/stm32f4xx_rcc.o
RCC_HCLKConfig                                    out/stm32f4xx_rcc.o
RCC_HSEConfig                                     out/stm32f4xx_rcc.o
RCC_HSICmd                                        out/stm32f4xx_rcc.o
RCC_I2SCLKConfig                                  out/stm32f4xx_rcc.o
RCC_IRQHandler                                    out/startup_stm32f4xx.o
RCC_ITConfig                                      out/stm32f4xx_rcc.o
RCC_LSEConfig                                     out/stm32f4xx_rcc.o
RCC_LSICmd                                        out/stm32f4xx_rcc.o
RCC_MCO1Config                                    out/stm32f4xx_rcc.o
RCC_MCO2Config                                    out/stm32f4xx_rcc.o
RCC_PCLK1Config                                   out/stm32f4xx_rcc.o
RCC_PCLK2Config                                   out/stm32f4xx_rcc.o
RCC_PLLCmd                                        out/stm32f4xx_rcc.o
RCC_PLLConfig                                     out/stm32f4xx_rcc.o
RCC_PLLI2SCmd                                     out/stm32f4xx_rcc.o
RCC_PLLI2SConfig                                  out/stm32f4xx_rcc.o
RCC_RTCCLKCmd                                     out/stm32f4xx_rcc.o
RCC_RTCCLKConfig                                  out/stm32f4xx_rcc.o
RCC_SYSCLKConfig                                  out/stm32f4xx_rcc.o
RCC_WaitForHSEStartUp                             out/stm32f4xx_rcc.o
RNG_ClearFlag                                     out/stm32f4xx_rng.o
RNG_ClearITPendingBit                             out/stm32f4xx_rng.o
RNG_Cmd                                           out/stm32f4xx_rng.o
RNG_DeInit                                        out/stm32f4xx_rng.o
RNG_GetFlagStatus                                 out/stm32f4xx_rng.o
RNG_GetITStatus                                   out/stm32f4xx_rng.o
RNG_GetRandomNumber                               out/stm32f4xx_rng.o
RNG_ITConfig                                      out/stm32f4xx_rng.o
RTC_AlarmCmd                                      out/stm32f4xx_rtc.o
RTC_AlarmStructInit                               out/stm32f4xx_rtc.o
RTC_AlarmSubSecondConfig                          out/stm32f4xx_rtc.o
RTC_Alarm_IRQHandler                              out/startup_stm32f4xx.o
RTC_BypassShadowCmd                               out/stm32f4xx_rtc.o
RTC_CalibOutputCmd                                out/stm32f4xx_rtc.o
RTC_CalibOutputConfig                             out/stm32f4xx_rtc.o
RTC_ClearFlag                                     out/stm32f4xx_rtc.o
RTC_ClearITPendingBit                             out/stm32f4xx_rtc.o
RTC_CoarseCalibCmd                                out/stm32f4xx_rtc.o
RTC_CoarseCalibConfig                             out/stm32f4xx_rtc.o
RTC_DateStructInit                                out/stm32f4xx_rtc.o
RTC_DayLightSavingConfig                          out/stm32f4xx_rtc.o
RTC_DeInit                                        out/stm32f4xx_rtc.o
RTC_EnterInitMode                                 out/stm32f4xx_rtc.o
RTC_ExitInitMode                                  out/stm32f4xx_rtc.o
RTC_GetAlarm                                      out/stm32f4xx_rtc.o
RTC_GetAlarmSubSecond                             out/stm32f4xx_rtc.o
RTC_GetDate                                       out/stm32f4xx_rtc.o
RTC_GetFlagStatus                                 out/stm32f4xx_rtc.o
RTC_GetITStatus                                   out/stm32f4xx_rtc.o
RTC_GetStoreOperation                             out/stm32f4xx_rtc.o
RTC_GetSubSecond                                  out/stm32f4xx_rtc.o
RTC_GetTime                                       out/stm32f4xx_rtc.o
RTC_GetTimeStamp                                  out/stm32f4xx_rtc.o
RTC_GetTimeStampSubSecond                         out/stm32f4xx_rtc.o
RTC_GetWakeUpCounter                              out/stm32f4xx_rtc.o
RTC_ITConfig                                      out/stm32f4xx_rtc.o
RTC_Init                                          out/stm32f4xx_rtc.o
RTC_OutputConfig                                  out/stm32f4xx_rtc.o
RTC_OutputTypeConfig                              out/stm32f4xx_rtc.o
RTC_ReadBackupRegister                            out/stm32f4xx_rtc.o
RTC_RefClockCmd                                   out/stm32f4xx_rtc.o
RTC_SetAlarm                                      out/stm32f4xx_rtc.o
RTC_SetDate                                       out/stm32f4xx_rtc.o
RTC_SetTime                                       out/stm32f4xx_rtc.o
RTC_SetWakeUpCounter                              out/stm32f4xx_rtc.o
RTC_SmoothCalibConfig                             out/stm32f4xx_rtc.o
RTC_StructInit                                    out/stm32f4xx_rtc.o
RTC_SynchroShiftConfig                            out/stm32f4xx_rtc.o
RTC_TamperCmd                                     out/stm32f4xx_rtc.o
RTC_TamperFilterConfig                            out/stm32f4xx_rtc.o
RTC_TamperPinSelection                            out/stm32f4xx_rtc.o
RTC_TamperPinsPrechargeDuration                   out/stm32f4xx_rtc.o
RTC_TamperPullUpCmd                               out/stm32f4xx_rtc.o
RTC_TamperSamplingFreqConfig                      out/stm32f4xx_rtc.o
RTC_TamperTriggerConfig                           out/stm32f4xx_rtc.o
RTC_TimeStampCmd                                  out/stm32f4xx_rtc.o
RTC_TimeStampOnTamperDetectionCmd                 out/stm32f4xx_rtc.o
RTC_TimeStampPinSelection                         out/stm32f4xx_rtc.o
RTC_TimeStructInit                                out/stm32f4xx_rtc.o
RTC_WKUP_IRQHandler                               out/startup_stm32f4xx.o
RTC_WaitForSynchro                                out/stm32f4xx_rtc.o
RTC_WakeUpClockConfig                             out/stm32f4xx_rtc.o
RTC_WakeUpCmd                                     out/stm32f4xx_rtc.o
RTC_WriteBackupRegister                           out/stm32f4xx_rtc.o
RTC_WriteProtectionCmd                            out/stm32f4xx_rtc.o
Reset_Handler                                     out/startup_stm32f4xx.o
SAI1_IRQHandler                                   out/startup_stm32f4xx.o
SCHEDULER_delete_task                             out/scheduler.o
SCHEDULER_disable_task                            out/scheduler.o
SCHEDULER_enable_task                             out/scheduler.o
SCHEDULER_foo                                     out/scheduler.o
SCHEDULER_init                                    out/scheduler.o
                                                  out/main.o
SCHEDULER_set_interval                            out/scheduler.o
SCHEDULER_set_task                                out/scheduler.o
                                                  out/main.o
SCHEDULER_start                                   out/scheduler.o
                                                  out/main.o
SCHEDULER_task_list                               out/scheduler.o
SCHEDULER_time                                    out/scheduler.o
SCHEDULER_triggered                               out/scheduler.o
SDIO_CEATAITCmd                                   out/stm32f4xx_sdio.o
SDIO_ClearFlag                                    out/stm32f4xx_sdio.o
SDIO_ClearITPendingBit                            out/stm32f4xx_sdio.o
SDIO_ClockCmd                                     out/stm32f4xx_sdio.o
SDIO_CmdStructInit                                out/stm32f4xx_sdio.o
SDIO_CommandCompletionCmd                         out/stm32f4xx_sdio.o
SDIO_DMACmd                                       out/stm32f4xx_sdio.o
SDIO_DataConfig                                   out/stm32f4xx_sdio.o
SDIO_DataStructInit                               out/stm32f4xx_sdio.o
SDIO_DeInit                                       out/stm32f4xx_sdio.o
SDIO_GetCommandResponse                           out/stm32f4xx_sdio.o
SDIO_GetDataCounter                               out/stm32f4xx_sdio.o
SDIO_GetFIFOCount                                 out/stm32f4xx_sdio.o
SDIO_GetFlagStatus                                out/stm32f4xx_sdio.o
SDIO_GetITStatus                                  out/stm32f4xx_sdio.o
SDIO_GetPowerState                                out/stm32f4xx_sdio.o
SDIO_GetResponse                                  out/stm32f4xx_sdio.o
SDIO_IRQHandler                                   out/startup_stm32f4xx.o
SDIO_ITConfig                                     out/stm32f4xx_sdio.o
SDIO_Init                                         out/stm32f4xx_sdio.o
SDIO_ReadData                                     out/stm32f4xx_sdio.o
SDIO_SendCEATACmd                                 out/stm32f4xx_sdio.o
SDIO_SendCommand                                  out/stm32f4xx_sdio.o
SDIO_SendSDIOSuspendCmd                           out/stm32f4xx_sdio.o
SDIO_SetPowerState                                out/stm32f4xx_sdio.o
SDIO_SetSDIOOperation                             out/stm32f4xx_sdio.o
SDIO_SetSDIOReadWaitMode                          out/stm32f4xx_sdio.o
SDIO_StartSDIOReadWait                            out/stm32f4xx_sdio.o
SDIO_StopSDIOReadWait                             out/stm32f4xx_sdio.o
SDIO_StructInit                                   out/stm32f4xx_sdio.o
SDIO_WriteData                                    out/stm32f4xx_sdio.o
SPI1_IRQHandler                                   out/startup_stm32f4xx.o
SPI2_IRQHandler                                   out/startup_stm32f4xx.o
SPI3_IRQHandler                                   out/startup_stm32f4xx.o
SPI4_IRQHandler                                   out/startup_stm32f4xx.o
SPI5_IRQHandler                                   out/startup_stm32f4xx.o
SPI6_IRQHandler                                   out/startup_stm32f4xx.o
SPI_BiDirectionalLineConfig                       out/stm32f4xx_spi.o
SPI_CalculateCRC                                  out/stm32f4xx_spi.o
SPI_Cmd                                           out/stm32f4xx_spi.o
SPI_DataSizeConfig                                out/stm32f4xx_spi.o
SPI_GetCRC                                        out/stm32f4xx_spi.o
SPI_GetCRCPolynomial                              out/stm32f4xx_spi.o
SPI_I2S_ClearFlag                                 out/stm32f4xx_spi.o
SPI_I2S_ClearITPendingBit                         out/stm32f4xx_spi.o
SPI_I2S_DMACmd                                    out/stm32f4xx_spi.o
SPI_I2S_DeInit                                    out/stm32f4xx_spi.o
SPI_I2S_GetFlagStatus                             out/stm32f4xx_spi.o
SPI_I2S_GetITStatus                               out/stm32f4xx_spi.o
SPI_I2S_ITConfig                                  out/stm32f4xx_spi.o
SPI_I2S_ReceiveData                               out/stm32f4xx_spi.o
SPI_I2S_SendData                                  out/stm32f4xx_spi.o
SPI_Init                                          out/stm32f4xx_spi.o
SPI_NSSInternalSoftwareConfig                     out/stm32f4xx_spi.o
SPI_SSOutputCmd                                   out/stm32f4xx_spi.o
SPI_StructInit                                    out/stm32f4xx_spi.o
SPI_TIModeCmd                                     out/stm32f4xx_spi.o
SPI_TransmitCRC                                   out/stm32f4xx_spi.o
SVC_Handler                                       out/stm32f4xx_it.o
                                                  out/startup_stm32f4xx.o
SYSCFG_CompensationCellCmd                        out/stm32f4xx_syscfg.o
SYSCFG_DeInit                                     out/stm32f4xx_syscfg.o
SYSCFG_ETH_MediaInterfaceConfig                   out/stm32f4xx_syscfg.o
SYSCFG_EXTILineConfig                             out/stm32f4xx_syscfg.o
SYSCFG_GetCompensationCellStatus                  out/stm32f4xx_syscfg.o
SYSCFG_MemoryRemapConfig                          out/stm32f4xx_syscfg.o
SysTick_CLKSourceConfig                           out/misc.o
SysTick_Handler                                   out/startup_stm32f4xx.o
SystemCoreClock                                   out/system_stm32f4xx.o
SystemCoreClockUpdate                             out/system_stm32f4xx.o
SystemInit                                        out/system_stm32f4xx.o
                                                  out/main.o
                                                  out/startup_stm32f4xx.o
TAMP_STAMP_IRQHandler                             out/startup_stm32f4xx.o
TASK_alive                                        out/main.o
TASK_alive_H                                      out/main.o
TASK_demo1                                        out/main.o
TASK_demo1_H                                      out/main.o
TASK_demo2                                        out/main.o
TASK_demo2_H                                      out/main.o
TASK_demo3                                        out/main.o
TASK_demo3_H                                      out/main.o
TIM1_BRK_TIM9_IRQHandler                          out/startup_stm32f4xx.o
TIM1_CC_IRQHandler                                out/startup_stm32f4xx.o
TIM1_TRG_COM_TIM11_IRQHandler                     out/startup_stm32f4xx.o
TIM1_UP_TIM10_IRQHandler                          out/startup_stm32f4xx.o
TIM2_IRQHandler                                   out/startup_stm32f4xx.o
TIM3_IRQHandler                                   out/startup_stm32f4xx.o
TIM4_IRQHandler                                   out/startup_stm32f4xx.o
TIM5_IRQHandler                                   out/startup_stm32f4xx.o
TIM6_DAC_IRQHandler                               out/startup_stm32f4xx.o
TIM7_IRQHandler                                   out/scheduler.o
                                                  out/startup_stm32f4xx.o
TIM8_BRK_TIM12_IRQHandler                         out/startup_stm32f4xx.o
TIM8_CC_IRQHandler                                out/startup_stm32f4xx.o
TIM8_TRG_COM_TIM14_IRQHandler                     out/startup_stm32f4xx.o
TIM8_UP_TIM13_IRQHandler                          out/startup_stm32f4xx.o
TIM_ARRPreloadConfig                              out/stm32f4xx_tim.o
TIM_BDTRConfig                                    out/stm32f4xx_tim.o
TIM_BDTRStructInit                                out/stm32f4xx_tim.o
TIM_CCPreloadControl                              out/stm32f4xx_tim.o
TIM_CCxCmd                                        out/stm32f4xx_tim.o
TIM_CCxNCmd                                       out/stm32f4xx_tim.o
TIM_ClearFlag                                     out/stm32f4xx_tim.o
TIM_ClearITPendingBit                             out/stm32f4xx_tim.o
TIM_ClearOC1Ref                                   out/stm32f4xx_tim.o
TIM_ClearOC2Ref                                   out/stm32f4xx_tim.o
TIM_ClearOC3Ref                                   out/stm32f4xx_tim.o
TIM_ClearOC4Ref                                   out/stm32f4xx_tim.o
TIM_Cmd                                           out/stm32f4xx_tim.o
                                                  out/scheduler.o
TIM_CounterModeConfig                             out/stm32f4xx_tim.o
TIM_CtrlPWMOutputs                                out/stm32f4xx_tim.o
TIM_DMACmd                                        out/stm32f4xx_tim.o
TIM_DMAConfig                                     out/stm32f4xx_tim.o
TIM_DeInit                                        out/stm32f4xx_tim.o
TIM_ETRClockMode1Config                           out/stm32f4xx_tim.o
TIM_ETRClockMode2Config                           out/stm32f4xx_tim.o
TIM_ETRConfig                                     out/stm32f4xx_tim.o
TIM_EncoderInterfaceConfig                        out/stm32f4xx_tim.o
TIM_ForcedOC1Config                               out/stm32f4xx_tim.o
TIM_ForcedOC2Config                               out/stm32f4xx_tim.o
TIM_ForcedOC3Config                               out/stm32f4xx_tim.o
TIM_ForcedOC4Config                               out/stm32f4xx_tim.o
TIM_GenerateEvent                                 out/stm32f4xx_tim.o
TIM_GetCapture1                                   out/stm32f4xx_tim.o
TIM_GetCapture2                                   out/stm32f4xx_tim.o
TIM_GetCapture3                                   out/stm32f4xx_tim.o
TIM_GetCapture4                                   out/stm32f4xx_tim.o
TIM_GetCounter                                    out/stm32f4xx_tim.o
TIM_GetFlagStatus                                 out/stm32f4xx_tim.o
TIM_GetITStatus                                   out/stm32f4xx_tim.o
TIM_GetPrescaler                                  out/stm32f4xx_tim.o
TIM_ICInit                                        out/stm32f4xx_tim.o
TIM_ICStructInit                                  out/stm32f4xx_tim.o
TIM_ITConfig                                      out/stm32f4xx_tim.o
                                                  out/scheduler.o
TIM_ITRxExternalClockConfig                       out/stm32f4xx_tim.o
TIM_InternalClockConfig                           out/stm32f4xx_tim.o
TIM_OC1FastConfig                                 out/stm32f4xx_tim.o
TIM_OC1Init                                       out/stm32f4xx_tim.o
TIM_OC1NPolarityConfig                            out/stm32f4xx_tim.o
TIM_OC1PolarityConfig                             out/stm32f4xx_tim.o
TIM_OC1PreloadConfig                              out/stm32f4xx_tim.o
TIM_OC2FastConfig                                 out/stm32f4xx_tim.o
TIM_OC2Init                                       out/stm32f4xx_tim.o
TIM_OC2NPolarityConfig                            out/stm32f4xx_tim.o
TIM_OC2PolarityConfig                             out/stm32f4xx_tim.o
TIM_OC2PreloadConfig                              out/stm32f4xx_tim.o
TIM_OC3FastConfig                                 out/stm32f4xx_tim.o
TIM_OC3Init                                       out/stm32f4xx_tim.o
TIM_OC3NPolarityConfig                            out/stm32f4xx_tim.o
TIM_OC3PolarityConfig                             out/stm32f4xx_tim.o
TIM_OC3PreloadConfig                              out/stm32f4xx_tim.o
TIM_OC4FastConfig                                 out/stm32f4xx_tim.o
TIM_OC4Init                                       out/stm32f4xx_tim.o
TIM_OC4PolarityConfig                             out/stm32f4xx_tim.o
TIM_OC4PreloadConfig                              out/stm32f4xx_tim.o
TIM_OCStructInit                                  out/stm32f4xx_tim.o
TIM_PWMIConfig                                    out/stm32f4xx_tim.o
TIM_PrescalerConfig                               out/stm32f4xx_tim.o
TIM_RemapConfig                                   out/stm32f4xx_tim.o
TIM_SelectCCDMA                                   out/stm32f4xx_tim.o
TIM_SelectCOM                                     out/stm32f4xx_tim.o
TIM_SelectHallSensor                              out/stm32f4xx_tim.o
TIM_SelectInputTrigger                            out/stm32f4xx_tim.o
TIM_SelectMasterSlaveMode                         out/stm32f4xx_tim.o
TIM_SelectOCxM                                    out/stm32f4xx_tim.o
TIM_SelectOnePulseMode                            out/stm32f4xx_tim.o
TIM_SelectOutputTrigger                           out/stm32f4xx_tim.o
TIM_SelectSlaveMode                               out/stm32f4xx_tim.o
TIM_SetAutoreload                                 out/stm32f4xx_tim.o
TIM_SetClockDivision                              out/stm32f4xx_tim.o
TIM_SetCompare1                                   out/stm32f4xx_tim.o
TIM_SetCompare2                                   out/stm32f4xx_tim.o
TIM_SetCompare3                                   out/stm32f4xx_tim.o
TIM_SetCompare4                                   out/stm32f4xx_tim.o
TIM_SetCounter                                    out/stm32f4xx_tim.o
TIM_SetIC1Prescaler                               out/stm32f4xx_tim.o
TIM_SetIC2Prescaler                               out/stm32f4xx_tim.o
TIM_SetIC3Prescaler                               out/stm32f4xx_tim.o
TIM_SetIC4Prescaler                               out/stm32f4xx_tim.o
TIM_TIxExternalClockConfig                        out/stm32f4xx_tim.o
TIM_TimeBaseInit                                  out/stm32f4xx_tim.o
                                                  out/scheduler.o
TIM_TimeBaseStructInit                            out/stm32f4xx_tim.o
TIM_UpdateDisableConfig                           out/stm32f4xx_tim.o
TIM_UpdateRequestConfig                           out/stm32f4xx_tim.o
UART4_IRQHandler                                  out/startup_stm32f4xx.o
UART5_IRQHandler                                  out/startup_stm32f4xx.o
UART7_IRQHandler                                  out/startup_stm32f4xx.o
UART8_IRQHandler                                  out/startup_stm32f4xx.o
USART1_IRQHandler                                 out/startup_stm32f4xx.o
USART2_IRQHandler                                 out/startup_stm32f4xx.o
USART3_IRQHandler                                 out/startup_stm32f4xx.o
USART6_IRQHandler                                 out/startup_stm32f4xx.o
USART_ClearFlag                                   out/stm32f4xx_usart.o
USART_ClearITPendingBit                           out/stm32f4xx_usart.o
USART_ClockInit                                   out/stm32f4xx_usart.o
USART_ClockStructInit                             out/stm32f4xx_usart.o
USART_Cmd                                         out/stm32f4xx_usart.o
USART_DMACmd                                      out/stm32f4xx_usart.o
USART_DeInit                                      out/stm32f4xx_usart.o
USART_GetFlagStatus                               out/stm32f4xx_usart.o
USART_GetITStatus                                 out/stm32f4xx_usart.o
USART_HalfDuplexCmd                               out/stm32f4xx_usart.o
USART_ITConfig                                    out/stm32f4xx_usart.o
USART_Init                                        out/stm32f4xx_usart.o
USART_IrDACmd                                     out/stm32f4xx_usart.o
USART_IrDAConfig                                  out/stm32f4xx_usart.o
USART_LINBreakDetectLengthConfig                  out/stm32f4xx_usart.o
USART_LINCmd                                      out/stm32f4xx_usart.o
USART_OneBitMethodCmd                             out/stm32f4xx_usart.o
USART_OverSampling8Cmd                            out/stm32f4xx_usart.o
USART_ReceiveData                                 out/stm32f4xx_usart.o
USART_ReceiverWakeUpCmd                           out/stm32f4xx_usart.o
USART_SendBreak                                   out/stm32f4xx_usart.o
USART_SendData                                    out/stm32f4xx_usart.o
USART_SetAddress                                  out/stm32f4xx_usart.o
USART_SetGuardTime                                out/stm32f4xx_usart.o
USART_SetPrescaler                                out/stm32f4xx_usart.o
USART_SmartCardCmd                                out/stm32f4xx_usart.o
USART_SmartCardNACKCmd                            out/stm32f4xx_usart.o
USART_StructInit                                  out/stm32f4xx_usart.o
USART_WakeUpConfig                                out/stm32f4xx_usart.o
UsageFault_Handler                                out/stm32f4xx_it.o
                                                  out/startup_stm32f4xx.o
WWDG_ClearFlag                                    out/stm32f4xx_wwdg.o
WWDG_DeInit                                       out/stm32f4xx_wwdg.o
WWDG_Enable                                       out/stm32f4xx_wwdg.o
WWDG_EnableIT                                     out/stm32f4xx_wwdg.o
WWDG_GetFlagStatus                                out/stm32f4xx_wwdg.o
WWDG_IRQHandler                                   out/startup_stm32f4xx.o
WWDG_SetCounter                                   out/stm32f4xx_wwdg.o
WWDG_SetPrescaler                                 out/stm32f4xx_wwdg.o
WWDG_SetWindowValue                               out/stm32f4xx_wwdg.o
_ebss                                             out/startup_stm32f4xx.o
_edata                                            out/startup_stm32f4xx.o
_estack                                           out/startup_stm32f4xx.o
_sbss                                             out/startup_stm32f4xx.o
_sdata                                            out/startup_stm32f4xx.o
_sidata                                           out/startup_stm32f4xx.o
g_pfnVectors                                      out/startup_stm32f4xx.o
main                                              out/main.o
                                                  out/startup_stm32f4xx.o
