Archive member included because of file (symbol)

c:/gccarm/bin/../lib/gcc/arm-none-eabi/4.8.3/armv7e-m\libgcc.a(_arm_addsubdf3.o)
                              out/adc.o (__aeabi_dsub)
c:/gccarm/bin/../lib/gcc/arm-none-eabi/4.8.3/armv7e-m\libgcc.a(_arm_muldivdf3.o)
                              out/adc.o (__aeabi_dmul)
c:/gccarm/bin/../lib/gcc/arm-none-eabi/4.8.3/armv7e-m\libgcc.a(_arm_fixunsdfsi.o)
                              out/httpd_cgi_ssi.o (__aeabi_d2uiz)
c:/gccarm/bin/../lib/gcc/arm-none-eabi/4.8.3/armv7e-m\libgcc.a(_arm_truncdfsf2.o)
                              out/adc.o (__aeabi_d2f)
c:/gccarm/bin/../lib/gcc/arm-none-eabi/4.8.3/armv7e-m\libgcc.a(_arm_addsubsf3.o)
                              out/adc.o (__aeabi_fadd)
c:/gccarm/bin/../lib/gcc/arm-none-eabi/4.8.3/armv7e-m\libgcc.a(_arm_muldivsf3.o)
                              out/adc.o (__aeabi_fmul)
c:/gccarm/bin/../lib/gcc/arm-none-eabi/4.8.3/../../../../arm-none-eabi/lib/armv7e-m\libg.a(lib_a-malloc.o)
                              out/usbd_cdc.o (malloc)
c:/gccarm/bin/../lib/gcc/arm-none-eabi/4.8.3/../../../../arm-none-eabi/lib/armv7e-m\libg.a(lib_a-mallocr.o)
                              c:/gccarm/bin/../lib/gcc/arm-none-eabi/4.8.3/../../../../arm-none-eabi/lib/armv7e-m\libg.a(lib_a-malloc.o) (_malloc_r)
c:/gccarm/bin/../lib/gcc/arm-none-eabi/4.8.3/../../../../arm-none-eabi/lib/armv7e-m\libg.a(lib_a-memcmp.o)
                              out/etharp.o (memcmp)
c:/gccarm/bin/../lib/gcc/arm-none-eabi/4.8.3/../../../../arm-none-eabi/lib/armv7e-m\libg.a(lib_a-memcpy.o)
                              out/ethernetif.o (memcpy)
c:/gccarm/bin/../lib/gcc/arm-none-eabi/4.8.3/../../../../arm-none-eabi/lib/armv7e-m\libg.a(lib_a-memset.o)
                              out/cdc_shell.o (memset)
c:/gccarm/bin/../lib/gcc/arm-none-eabi/4.8.3/../../../../arm-none-eabi/lib/armv7e-m\libg.a(lib_a-mlock.o)
                              c:/gccarm/bin/../lib/gcc/arm-none-eabi/4.8.3/../../../../arm-none-eabi/lib/armv7e-m\libg.a(lib_a-mallocr.o) (__malloc_lock)
c:/gccarm/bin/../lib/gcc/arm-none-eabi/4.8.3/../../../../arm-none-eabi/lib/armv7e-m\libg.a(lib_a-sbrkr.o)
                              c:/gccarm/bin/../lib/gcc/arm-none-eabi/4.8.3/../../../../arm-none-eabi/lib/armv7e-m\libg.a(lib_a-mallocr.o) (_sbrk_r)
c:/gccarm/bin/../lib/gcc/arm-none-eabi/4.8.3/../../../../arm-none-eabi/lib/armv7e-m\libg.a(lib_a-sprintf.o)
                              out/cdc_shell.o (sprintf)
c:/gccarm/bin/../lib/gcc/arm-none-eabi/4.8.3/../../../../arm-none-eabi/lib/armv7e-m\libg.a(lib_a-sscanf.o)
                              out/main.o (sscanf)
c:/gccarm/bin/../lib/gcc/arm-none-eabi/4.8.3/../../../../arm-none-eabi/lib/armv7e-m\libg.a(lib_a-stdio.o)
                              c:/gccarm/bin/../lib/gcc/arm-none-eabi/4.8.3/../../../../arm-none-eabi/lib/armv7e-m\libg.a(lib_a-sscanf.o) (__seofread)
c:/gccarm/bin/../lib/gcc/arm-none-eabi/4.8.3/../../../../arm-none-eabi/lib/armv7e-m\libg.a(lib_a-strchr.o)
                              out/httpd.o (strchr)
c:/gccarm/bin/../lib/gcc/arm-none-eabi/4.8.3/../../../../arm-none-eabi/lib/armv7e-m\libg.a(lib_a-strcmp.o)
                              out/fs.o (strcmp)
c:/gccarm/bin/../lib/gcc/arm-none-eabi/4.8.3/../../../../arm-none-eabi/lib/armv7e-m\libg.a(lib_a-strcpy.o)
                              out/cdc_shell.o (strcpy)
c:/gccarm/bin/../lib/gcc/arm-none-eabi/4.8.3/../../../../arm-none-eabi/lib/armv7e-m\libg.a(lib_a-strlen.o)
                              out/cdc_shell.o (strlen)
c:/gccarm/bin/../lib/gcc/arm-none-eabi/4.8.3/../../../../arm-none-eabi/lib/armv7e-m\libg.a(lib_a-strncmp.o)
                              out/cdc_shell.o (strncmp)
c:/gccarm/bin/../lib/gcc/arm-none-eabi/4.8.3/../../../../arm-none-eabi/lib/armv7e-m\libg.a(lib_a-strstr.o)
                              out/httpd.o (strstr)
c:/gccarm/bin/../lib/gcc/arm-none-eabi/4.8.3/../../../../arm-none-eabi/lib/armv7e-m\libg.a(lib_a-svfprintf.o)
                              c:/gccarm/bin/../lib/gcc/arm-none-eabi/4.8.3/../../../../arm-none-eabi/lib/armv7e-m\libg.a(lib_a-sprintf.o) (_svfprintf_r)
c:/gccarm/bin/../lib/gcc/arm-none-eabi/4.8.3/../../../../arm-none-eabi/lib/armv7e-m\libg.a(lib_a-svfscanf.o)
                              c:/gccarm/bin/../lib/gcc/arm-none-eabi/4.8.3/../../../../arm-none-eabi/lib/armv7e-m\libg.a(lib_a-sscanf.o) (__ssvfscanf_r)
c:/gccarm/bin/../lib/gcc/arm-none-eabi/4.8.3/../../../../arm-none-eabi/lib/armv7e-m\libg.a(lib_a-writer.o)
                              c:/gccarm/bin/../lib/gcc/arm-none-eabi/4.8.3/../../../../arm-none-eabi/lib/armv7e-m\libg.a(lib_a-stdio.o) (_write_r)
c:/gccarm/bin/../lib/gcc/arm-none-eabi/4.8.3/../../../../arm-none-eabi/lib/armv7e-m\libg.a(lib_a-closer.o)
                              c:/gccarm/bin/../lib/gcc/arm-none-eabi/4.8.3/../../../../arm-none-eabi/lib/armv7e-m\libg.a(lib_a-stdio.o) (_close_r)
c:/gccarm/bin/../lib/gcc/arm-none-eabi/4.8.3/../../../../arm-none-eabi/lib/armv7e-m\libg.a(lib_a-ctype_.o)
[...]
Memory Configuration

Name             Origin             Length             Attributes
FLASH            0x08000000         0x00100000         xr
RAM              0x20000000         0x00020000         xrw
MEMORY_B1        0x60000000         0x00000000         xr
*default*        0x00000000         0xffffffff

Linker script and memory map

LOAD out/startup_stm32f4xx.o
LOAD out/_sbrk.o
LOAD out/adc.o
LOAD out/app_ethernet.o
LOAD out/cdc_shell.o
LOAD out/ethernetif.o
LOAD out/fs.o
LOAD out/httpd.o
LOAD out/httpd_cgi_ssi.o
LOAD out/main.o
LOAD out/rng.o
LOAD out/scheduler.o
LOAD out/sd_card.o
LOAD out/stm32f4xx_it.o
LOAD out/system_stm32f4xx.o
LOAD out/usbd_cdc_if.o
LOAD out/usbd_conf.o
LOAD out/usbd_desc.o
LOAD out/stm32f4xx_hal.o
LOAD out/stm32f4xx_hal_adc.o
LOAD out/stm32f4xx_hal_adc_ex.o
LOAD out/stm32f4xx_hal_can.o
LOAD out/stm32f4xx_hal_cortex.o
LOAD out/stm32f4xx_hal_crc.o
LOAD out/stm32f4xx_hal_cryp.o
LOAD out/stm32f4xx_hal_cryp_ex.o
LOAD out/stm32f4xx_hal_dac.o
LOAD out/stm32f4xx_hal_dac_ex.o
LOAD out/stm32f4xx_hal_dcmi.o
LOAD out/stm32f4xx_hal_dma.o
LOAD out/stm32f4xx_hal_dma_ex.o
LOAD out/stm32f4xx_hal_dma2d.o
LOAD out/stm32f4xx_hal_eth.o
LOAD out/stm32f4xx_hal_flash.o
LOAD out/stm32f4xx_hal_flash_ex.o
LOAD out/stm32f4xx_hal_flash_ramfunc.o
LOAD out/stm32f4xx_hal_gpio.o
LOAD out/stm32f4xx_hal_hash.o
LOAD out/stm32f4xx_hal_hash_ex.o
LOAD out/stm32f4xx_hal_hcd.o
LOAD out/stm32f4xx_hal_i2c.o
LOAD out/stm32f4xx_hal_i2c_ex.o
LOAD out/stm32f4xx_hal_i2s.o
LOAD out/stm32f4xx_hal_i2s_ex.o
LOAD out/stm32f4xx_hal_irda.o
LOAD out/stm32f4xx_hal_iwdg.o
LOAD out/stm32f4xx_hal_ltdc.o
LOAD out/stm32f4xx_hal_msp_template.o
LOAD out/stm32f4xx_hal_nand.o
LOAD out/stm32f4xx_hal_nor.o
LOAD out/stm32f4xx_hal_pccard.o
LOAD out/stm32f4xx_hal_pcd.o
LOAD out/stm32f4xx_hal_pcd_ex.o
LOAD out/stm32f4xx_hal_pwr.o
LOAD out/stm32f4xx_hal_pwr_ex.o
LOAD out/stm32f4xx_hal_rcc.o
LOAD out/stm32f4xx_hal_rcc_ex.o
LOAD out/stm32f4xx_hal_rng.o
LOAD out/stm32f4xx_hal_rtc.o
LOAD out/stm32f4xx_hal_rtc_ex.o
LOAD out/stm32f4xx_hal_sai.o
LOAD out/stm32f4xx_hal_sd.o
LOAD out/stm32f4xx_hal_sdram.o
LOAD out/stm32f4xx_hal_smartcard.o
LOAD out/stm32f4xx_hal_spi.o
LOAD out/stm32f4xx_hal_sram.o
LOAD out/stm32f4xx_hal_tim.o
LOAD out/stm32f4xx_hal_tim_ex.o
LOAD out/stm32f4xx_hal_uart.o
LOAD out/stm32f4xx_hal_usart.o
LOAD out/stm32f4xx_hal_wwdg.o
LOAD out/stm32f4xx_ll_fmc.o
LOAD out/stm32f4xx_ll_fsmc.o
LOAD out/stm32f4xx_ll_sdmmc.o
LOAD out/stm32f4xx_ll_usb.o
LOAD out/usbd_cdc.o
LOAD out/usbd_core.o
LOAD out/usbd_ctlreq.o
LOAD out/usbd_ioreq.o
LOAD out/def.o
LOAD out/dhcp.o
LOAD out/dns.o
LOAD out/init.o
LOAD out/lwip_timers.o
LOAD out/mem.o
LOAD out/memp.o
LOAD out/netif.o
LOAD out/pbuf.o
LOAD out/raw.o
LOAD out/stats.o
LOAD out/sys.o
LOAD out/tcp.o
LOAD out/tcp_in.o
LOAD out/tcp_out.o
LOAD out/udp.o
LOAD out/autoip.o
LOAD out/icmp.o
LOAD out/igmp.o
LOAD out/inet.o
LOAD out/inet_chksum.o
LOAD out/ip.o
LOAD out/ip_addr.o
LOAD out/ip_frag.o
LOAD out/asn1_dec.o
LOAD out/asn1_enc.o
LOAD out/mib_structs.o
LOAD out/mib2.o
LOAD out/msg_in.o
LOAD out/msg_out.o
LOAD out/etharp.o
LOAD out/slipif.o
LOAD out/api_lib.o
LOAD out/api_msg.o
LOAD out/err.o
LOAD out/netbuf.o
LOAD out/netdb.o
LOAD out/netifapi.o
LOAD out/sockets.o
LOAD out/tcpip.o
LOAD out/diskio.o
LOAD out/fatfs_sd.o
LOAD out/ff.o
LOAD out/syscall.o
LOAD out/unicode.o
LOAD c:/gccarm/bin/../lib/gcc/arm-none-eabi/4.8.3/../../../../arm-none-eabi/lib/armv7e-m\libstdc++.a
LOAD c:/gccarm/bin/../lib/gcc/arm-none-eabi/4.8.3/../../../../arm-none-eabi/lib/armv7e-m\libm.a
START GROUP
LOAD c:/gccarm/bin/../lib/gcc/arm-none-eabi/4.8.3/armv7e-m\libgcc.a
LOAD c:/gccarm/bin/../lib/gcc/arm-none-eabi/4.8.3/../../../../arm-none-eabi/lib/armv7e-m\libg.a
LOAD c:/gccarm/bin/../lib/gcc/arm-none-eabi/4.8.3/../../../../arm-none-eabi/lib/armv7e-m\libc.a
END GROUP
                0x20020000                _estack = 0x20020000
                0x00000000                _Min_Heap_Size = 0x0
                0x00000400                _Min_Stack_Size = 0x400

.isr_vector     0x08000000      0x1ac
                0x08000000                . = ALIGN (0x4)
 *(.isr_vector)
 .isr_vector    0x08000000      0x1ac out/startup_stm32f4xx.o
                0x08000000                g_pfnVectors
                0x080001ac                . = ALIGN (0x4)

.text           0x080001b0     0xf1a8
                0x080001b0                . = ALIGN (0x4)
 *(.text)
 .text          0x080001b0      0x370 c:/gccarm/bin/../lib/gcc/arm-none-eabi/4.8.3/armv7e-m\libgcc.a(_arm_addsubdf3.o)
                0x080001b0                __aeabi_drsub
                0x080001b8                __aeabi_dsub
                0x080001b8                __subdf3
                0x080001bc                __aeabi_dadd
                0x080001bc                __adddf3
                0x08000434                __floatunsidf
                0x08000434                __aeabi_ui2d
                0x08000454                __floatsidf
                0x08000454                __aeabi_i2d
                0x08000478                __aeabi_f2d
                0x08000478                __extendsfdf2
                0x080004b4                __floatundidf
                0x080004b4                __aeabi_ul2d
                0x080004c4                __floatdidf
                0x080004c4                __aeabi_l2d
 .text          0x08000520      0x424 c:/gccarm/bin/../lib/gcc/arm-none-eabi/4.8.3/armv7e-m\libgcc.a(_arm_muldivdf3.o)
                0x08000520                __aeabi_dmul
                0x08000520                __muldf3
                0x08000774                __divdf3
                0x08000774                __aeabi_ddiv
 .text          0x08000944       0x40 c:/gccarm/bin/../lib/gcc/arm-none-eabi/4.8.3/armv7e-m\libgcc.a(_arm_fixunsdfsi.o)
                0x08000944                __aeabi_d2uiz
                0x08000944                __fixunsdfsi
 .text          0x08000984       0xa0 c:/gccarm/bin/../lib/gcc/arm-none-eabi/4.8.3/armv7e-m\libgcc.a(_arm_truncdfsf2.o)
                0x08000984                __truncdfsf2
                0x08000984                __aeabi_d2f
 .text          0x08000a24      0x21c c:/gccarm/bin/../lib/gcc/arm-none-eabi/4.8.3/armv7e-m\libgcc.a(_arm_addsubsf3.o)
                0x08000a24                __aeabi_frsub
                0x08000a2c                __subsf3
                0x08000a2c                __aeabi_fsub
                0x08000a30                __aeabi_fadd
                0x08000a30                __addsf3
                0x08000b90                __aeabi_ui2f
                0x08000b90                __floatunsisf
                0x08000b98                __aeabi_i2f
                0x08000b98                __floatsisf
                0x08000bb4                __aeabi_ul2f
                0x08000bb4                __floatundisf
                0x08000bc4                __aeabi_l2f
                0x08000bc4                __floatdisf
 .text          0x08000c40      0x2a0 c:/gccarm/bin/../lib/gcc/arm-none-eabi/4.8.3/armv7e-m\libgcc.a(_arm_muldivsf3.o)
                0x08000c40                __mulsf3
                0x08000c40                __aeabi_fmul
                0x08000da8                __aeabi_fdiv
                0x08000da8                __divsf3
 .text          0x08000ee0      0x134 c:/gccarm/bin/../lib/gcc/arm-none-eabi/4.8.3/../../../../arm-none-eabi/lib/armv7e-m\libg.a(lib_a-memcpy.o)
                0x08000ee0                memcpy
 .text          0x08001014      0x110 c:/gccarm/bin/../lib/gcc/arm-none-eabi/4.8.3/armv7e-m\libgcc.a(_arm_cmpdf2.o)
                0x08001014                __gtdf2
                0x08001014                __gedf2
                0x0800101c                __ltdf2
                0x0800101c                __ledf2
                0x08001024                __nedf2
                0x08001024                __eqdf2
                0x08001024                __cmpdf2
                0x080010a0                __aeabi_cdrcmple
                0x080010b0                __aeabi_cdcmpeq
                0x080010b0                __aeabi_cdcmple
                0x080010c0                __aeabi_dcmpeq
                0x080010d4                __aeabi_dcmplt
                0x080010e8                __aeabi_dcmple
                0x080010fc                __aeabi_dcmpge
                0x08001110                __aeabi_dcmpgt
 .text          0x08001124       0x50 c:/gccarm/bin/../lib/gcc/arm-none-eabi/4.8.3/armv7e-m\libgcc.a(_arm_fixdfsi.o)
                0x08001124                __aeabi_d2iz
                0x08001124                __fixdfsi
 .text          0x08001174       0x2c c:/gccarm/bin/../lib/gcc/arm-none-eabi/4.8.3/armv7e-m\libgcc.a(_aeabi_uldivmod.o)
                0x08001174                __aeabi_uldivmod
 .text          0x080011a0       0x60 c:/gccarm/bin/../lib/gcc/arm-none-eabi/4.8.3/armv7e-m\libgcc.a(bpabi.o)
                0x080011a0                __gnu_ldivmod_helper
                0x080011d0                __gnu_uldivmod_helper
 .text          0x08001200        0x4 c:/gccarm/bin/../lib/gcc/arm-none-eabi/4.8.3/armv7e-m\libgcc.a(_dvmd_tls.o)
                0x08001200                __aeabi_idiv0
                0x08001200                __aeabi_ldiv0
 .text          0x08001204      0x298 c:/gccarm/bin/../lib/gcc/arm-none-eabi/4.8.3/armv7e-m\libgcc.a(_divdi3.o)
                0x08001204                __divdi3
 .text          0x0800149c      0x284 c:/gccarm/bin/../lib/gcc/arm-none-eabi/4.8.3/armv7e-m\libgcc.a(_udivdi3.o)
                0x0800149c                __udivdi3
 *(.text*)
 .text.Reset_Handler
                0x08001720       0x4c out/startup_stm32f4xx.o
                0x08001720                Reset_Handler
 .text.Default_Handler
                0x0800176c        0x4 out/startup_stm32f4xx.o
                0x0800176c                RTC_Alarm_IRQHandler
                0x0800176c                HASH_RNG_IRQHandler
                0x0800176c                EXTI2_IRQHandler
                0x0800176c                TIM8_CC_IRQHandler
                0x0800176c                UART8_IRQHandler
                0x0800176c                SPI4_IRQHandler
                0x0800176c                TIM1_CC_IRQHandler
                0x0800176c                DMA2_Stream5_IRQHandler
                0x0800176c                DMA1_Stream5_IRQHandler
                0x0800176c                PVD_IRQHandler
                0x0800176c                SDIO_IRQHandler
                0x0800176c                TAMP_STAMP_IRQHandler
                0x0800176c                CAN2_RX1_IRQHandler
                0x0800176c                EXTI3_IRQHandler
                0x0800176c                TIM8_TRG_COM_TIM14_IRQHandler
                0x0800176c                TIM1_UP_TIM10_IRQHandler
                0x0800176c                TIM8_UP_TIM13_IRQHandler
                0x0800176c                I2C3_ER_IRQHandler
                0x0800176c                EXTI0_IRQHandler
                0x0800176c                I2C2_EV_IRQHandler
                0x0800176c                DMA1_Stream2_IRQHandler
                0x0800176c                CAN1_RX0_IRQHandler
                0x0800176c                FPU_IRQHandler
                0x0800176c                OTG_HS_WKUP_IRQHandler
                0x0800176c                LTDC_ER_IRQHandler
                0x0800176c                CAN2_SCE_IRQHandler
                0x0800176c                DMA2_Stream2_IRQHandler
                0x0800176c                SPI1_IRQHandler
                0x0800176c                TIM6_DAC_IRQHandler
                0x0800176c                TIM1_BRK_TIM9_IRQHandler
                0x0800176c                DCMI_IRQHandler
                0x0800176c                CAN2_RX0_IRQHandler
                0x0800176c                DMA2_Stream3_IRQHandler
                0x0800176c                USART6_IRQHandler
                0x0800176c                USART3_IRQHandler
                0x0800176c                CRYP_IRQHandler
                0x0800176c                CAN1_RX1_IRQHandler
                0x0800176c                UART5_IRQHandler
                0x0800176c                DMA2_Stream0_IRQHandler
                0x0800176c                TIM4_IRQHandler
                0x0800176c                I2C1_EV_IRQHandler
                0x0800176c                DMA1_Stream6_IRQHandler
                0x0800176c                DMA1_Stream1_IRQHandler
                0x0800176c                UART4_IRQHandler
                0x0800176c                TIM3_IRQHandler
                0x0800176c                RCC_IRQHandler
                0x0800176c                TIM8_BRK_TIM12_IRQHandler
                0x0800176c                Default_Handler
                0x0800176c                EXTI15_10_IRQHandler
                0x0800176c                ADC_IRQHandler
                0x0800176c                DMA1_Stream7_IRQHandler
                0x0800176c                SPI5_IRQHandler
                0x0800176c                CAN2_TX_IRQHandler
                0x0800176c                TIM5_IRQHandler
                0x0800176c                DMA2_Stream7_IRQHandler
                0x0800176c                I2C3_EV_IRQHandler
                0x0800176c                EXTI9_5_IRQHandler
                0x0800176c                RTC_WKUP_IRQHandler
                0x0800176c                LTDC_IRQHandler
                0x0800176c                ETH_WKUP_IRQHandler
                0x0800176c                SPI2_IRQHandler
                0x0800176c                OTG_HS_EP1_IN_IRQHandler
                0x0800176c                DMA1_Stream0_IRQHandler
                0x0800176c                CAN1_TX_IRQHandler
                0x0800176c                EXTI4_IRQHandler
                0x0800176c                FSMC_IRQHandler
                0x0800176c                ETH_IRQHandler
                0x0800176c                OTG_HS_EP1_OUT_IRQHandler
                0x0800176c                WWDG_IRQHandler
                0x0800176c                SPI6_IRQHandler
                0x0800176c                TIM2_IRQHandler
                0x0800176c                OTG_FS_WKUP_IRQHandler
                0x0800176c                TIM1_TRG_COM_TIM11_IRQHandler
                0x0800176c                OTG_HS_IRQHandler
                0x0800176c                DMA2D_IRQHandler
                0x0800176c                EXTI1_IRQHandler
                0x0800176c                UART7_IRQHandler
                0x0800176c                USART2_IRQHandler
                0x0800176c                I2C2_ER_IRQHandler
                0x0800176c                DMA2_Stream1_IRQHandler
                0x0800176c                CAN1_SCE_IRQHandler
                0x0800176c                FLASH_IRQHandler
                0x0800176c                DMA2_Stream4_IRQHandler
                0x0800176c                USART1_IRQHandler
                0x0800176c                SPI3_IRQHandler
                0x0800176c                DMA1_Stream4_IRQHandler
                0x0800176c                I2C1_ER_IRQHandler
                0x0800176c                DMA2_Stream6_IRQHandler
                0x0800176c                SAI1_IRQHandler
                0x0800176c                DMA1_Stream3_IRQHandler
 .text._sbrk    0x08001770       0x2c out/_sbrk.o
                0x08001770                _sbrk
 .text.adc_init
                0x0800179c       0x60 out/adc.o
                0x0800179c                adc_init
 *fill*         0x080017fc        0x4 
 .text.adc_get_temp_in_celsius
                0x08001800       0xb8 out/adc.o
                0x08001800                adc_get_temp_in_celsius
 .text.TASK_shell_read
                0x080018b8      0x104 out/cdc_shell.o
                0x080018b8                TASK_shell_read
 .text.shell_out
                0x080019bc       0x88 out/cdc_shell.o
                0x080019bc                shell_out
 .text.shell_info_out
                0x08001a44       0x8c out/cdc_shell.o
                0x08001a44                shell_info_out
 .text.shell_help_out
                0x08001ad0       0x7c out/cdc_shell.o
                0x08001ad0                shell_help_out
 .text.shell_logo_out
                0x08001b4c       0x2c out/cdc_shell.o
                0x08001b4c                shell_logo_out
 .text.shell_out_header
                0x08001b78       0x28 out/cdc_shell.o
                0x08001b78                shell_out_header
 .text.shell_exit_program
                0x08001ba0       0x38 out/cdc_shell.o
                0x08001ba0                shell_exit_program
 .text.shell_activate_program
                0x08001bd8       0x4c out/cdc_shell.o
                0x08001bd8                shell_activate_program
 .text.TASK_shell
                0x08001c24       0x94 out/cdc_shell.o
                0x08001c24                TASK_shell
 .text.shell_hidden_42
                0x08001cb8       0x10 out/cdc_shell.o
                0x08001cb8                shell_hidden_42
 .text.shell_error_handler
                0x08001cc8       0x10 out/cdc_shell.o
                0x08001cc8                shell_error_handler
 .text.shell_register_cmd
                0x08001cd8       0x4c out/cdc_shell.o
                0x08001cd8                shell_register_cmd
 .text.shell_register_out
                0x08001d24       0x5c out/cdc_shell.o
                0x08001d24                shell_register_out
 .text.shell_init
                0x08001d80      0x114 out/cdc_shell.o
                0x08001d80                shell_init
 .text.TASK_alive
                0x08001e94       0x10 out/main.o
                0x08001e94                TASK_alive
 .text.TASK_demo1
                0x08001ea4       0x10 out/main.o
                0x08001ea4                TASK_demo1
 .text.TASK_demo2
                0x08001eb4       0x10 out/main.o
                0x08001eb4                TASK_demo2
 .text.tgl      0x08001ec4       0x54 out/main.o
                0x08001ec4                tgl
 .text.TASK_demo3
                0x08001f18       0x28 out/main.o
                0x08001f18                TASK_demo3
 .text.test_start
                0x08001f40       0x24 out/main.o
                0x08001f40                test_start
 .text.LED_init
                0x08001f64       0x64 out/main.o
                0x08001f64                LED_init
 .text.main     0x08001fc8      0x168 out/main.o
                0x08001fc8                main
 .text.Error_Handler
                0x08002130        0x4 out/main.o
                0x08002130                Error_Handler
 .text.rng_init
                0x08002134       0x2c out/rng.o
                0x08002134                rng_init
 .text.rng      0x08002160       0x10 out/rng.o
                0x08002160                rng
 .text.SCHEDULER_foo
                0x08002170        0x4 out/scheduler.o
                0x08002170                SCHEDULER_foo
 .text.SCHEDULER_shell_out
                0x08002174       0xe4 out/scheduler.o
                0x08002174                SCHEDULER_shell_out
 .text.SCHEDULER_init
                0x08002258       0x74 out/scheduler.o
                0x08002258                SCHEDULER_init
 .text.TIM7_IRQHandler
                0x080022cc       0x70 out/scheduler.o
                0x080022cc                TIM7_IRQHandler
 .text.SCHEDULER_set_task
                0x0800233c       0xe8 out/scheduler.o
                0x0800233c                SCHEDULER_set_task
 .text.SCHEDULER_set_statustask
                0x08002424       0x28 out/scheduler.o
                0x08002424                SCHEDULER_set_statustask
 .text.SCHEDULER_delete_task
                0x0800244c       0x50 out/scheduler.o
                0x0800244c                SCHEDULER_delete_task
 .text.SCHEDULER_get_statustask
                0x0800249c       0x28 out/scheduler.o
                0x0800249c                SCHEDULER_get_statustask
 .text.SCHEDULER_delete_task_shell
                0x080024c4       0x2c out/scheduler.o
                0x080024c4                SCHEDULER_delete_task_shell
 .text.SCHEDULER_disable_task
                0x080024f0       0x1c out/scheduler.o
                0x080024f0                SCHEDULER_disable_task
 .text.SCHEDULER_enable_task
                0x0800250c       0x34 out/scheduler.o
                0x0800250c                SCHEDULER_enable_task
 .text.SCHEDULER_task_status
                0x08002540       0x10 out/scheduler.o
                0x08002540                SCHEDULER_task_status
 .text.SCHEDULER_task_status_shell
                0x08002550       0x30 out/scheduler.o
                0x08002550                SCHEDULER_task_status_shell
 .text.SCHEDULER_set_interval
                0x08002580       0x14 out/scheduler.o
                0x08002580                SCHEDULER_set_interval
 .text.SCHEDULER_set_interval_shell
                0x08002594       0x24 out/scheduler.o
                0x08002594                SCHEDULER_set_interval_shell
 .text.delay_ms
                0x080025b8       0x30 out/scheduler.o
                0x080025b8                delay_ms
 .text.SCHEDULER_main
                0x080025e8       0xa4 out/scheduler.o
                0x080025e8                SCHEDULER_main
 .text.sd_cmd_ls
                0x0800268c       0x98 out/sd_card.o
                0x0800268c                sd_cmd_ls
 .text.sd_cmd_mkdir
                0x08002724       0x34 out/sd_card.o
                0x08002724                sd_cmd_mkdir
 .text.__init_spi
                0x08002758       0x90 out/sd_card.o
                0x08002758                __init_spi
 .text.__init_sd_cmds
                0x080027e8       0x30 out/sd_card.o
                0x080027e8                __init_sd_cmds
 .text.TM_SPI_Send
                0x08002818       0x2c out/sd_card.o
                0x08002818                TM_SPI_Send
 .text.TM_SPI_WriteMulti
                0x08002844       0x1c out/sd_card.o
                0x08002844                TM_SPI_WriteMulti
 .text.TM_SPI_ReadMulti
                0x08002860       0x20 out/sd_card.o
                0x08002860                TM_SPI_ReadMulti
 .text.TM_FATFS_DriveSize
                0x08002880       0x3c out/sd_card.o
                0x08002880                TM_FATFS_DriveSize
 .text.NMI_Handler
                0x080028bc        0x4 out/stm32f4xx_it.o
                0x080028bc                NMI_Handler
 .text.HardFault_Handler
                0x080028c0        0x4 out/stm32f4xx_it.o
                0x080028c0                HardFault_Handler
 .text.MemManage_Handler
                0x080028c4        0x4 out/stm32f4xx_it.o
                0x080028c4                MemManage_Handler
 .text.BusFault_Handler
                0x080028c8        0x4 out/stm32f4xx_it.o
                0x080028c8                BusFault_Handler
 .text.UsageFault_Handler
                0x080028cc        0x4 out/stm32f4xx_it.o
                0x080028cc                UsageFault_Handler
 .text.DebugMon_Handler
                0x080028d0        0x4 out/stm32f4xx_it.o
                0x080028d0                DebugMon_Handler
 .text.SysTick_Handler
                0x080028d4        0x8 out/stm32f4xx_it.o
                0x080028d4                SysTick_Handler
 .text.OTG_FS_IRQHandler
                0x080028dc       0x10 out/stm32f4xx_it.o
                0x080028dc                OTG_FS_IRQHandler
 .text.SystemInit
                0x080028ec       0xf4 out/system_stm32f4xx.o
                0x080028ec                SystemInit
 .text.USB_CDC_DeInit
                0x080029e0        0x4 out/usbd_cdc_if.o
 .text.USB_CDC_Control
                0x080029e4       0x58 out/usbd_cdc_if.o
 .text.USB_CDC_Receive
                0x08002a3c       0x1c out/usbd_cdc_if.o
 .text.USB_CDC_Init
                0x08002a58       0x20 out/usbd_cdc_if.o
 .text.HAL_PCD_MspInit
                0x08002a78       0x9c out/usbd_conf.o
                0x08002a78                HAL_PCD_MspInit
 .text.HAL_PCD_SetupStageCallback
                0x08002b14       0x14 out/usbd_conf.o
                0x08002b14                HAL_PCD_SetupStageCallback
 .text.HAL_PCD_DataOutStageCallback
                0x08002b28       0x18 out/usbd_conf.o
                0x08002b28                HAL_PCD_DataOutStageCallback
 .text.HAL_PCD_DataInStageCallback
                0x08002b40       0x18 out/usbd_conf.o
                0x08002b40                HAL_PCD_DataInStageCallback
 .text.HAL_PCD_SOFCallback
                0x08002b58        0xc out/usbd_conf.o
                0x08002b58                HAL_PCD_SOFCallback
 .text.HAL_PCD_ResetCallback
                0x08002b64       0x20 out/usbd_conf.o
                0x08002b64                HAL_PCD_ResetCallback
 .text.HAL_PCD_SuspendCallback
                0x08002b84        0xc out/usbd_conf.o
                0x08002b84                HAL_PCD_SuspendCallback
 .text.HAL_PCD_ResumeCallback
                0x08002b90        0xc out/usbd_conf.o
                0x08002b90                HAL_PCD_ResumeCallback
 .text.HAL_PCD_ISOOUTIncompleteCallback
                0x08002b9c        0xc out/usbd_conf.o
                0x08002b9c                HAL_PCD_ISOOUTIncompleteCallback
 .text.HAL_PCD_ISOINIncompleteCallback
                0x08002ba8        0xc out/usbd_conf.o
                0x08002ba8                HAL_PCD_ISOINIncompleteCallback
 .text.HAL_PCD_ConnectCallback
                0x08002bb4        0xc out/usbd_conf.o
                0x08002bb4                HAL_PCD_ConnectCallback
 .text.HAL_PCD_DisconnectCallback
                0x08002bc0        0xc out/usbd_conf.o
                0x08002bc0                HAL_PCD_DisconnectCallback
 .text.USBD_LL_Init
                0x08002bcc       0x64 out/usbd_conf.o
                0x08002bcc                USBD_LL_Init
 .text.USBD_LL_Start
                0x08002c30       0x10 out/usbd_conf.o
                0x08002c30                USBD_LL_Start
 .text.USBD_LL_OpenEP
                0x08002c40       0x14 out/usbd_conf.o
                0x08002c40                USBD_LL_OpenEP
 .text.USBD_LL_CloseEP
                0x08002c54       0x10 out/usbd_conf.o
                0x08002c54                USBD_LL_CloseEP
 .text.USBD_LL_StallEP
                0x08002c64       0x10 out/usbd_conf.o
                0x08002c64                USBD_LL_StallEP
 .text.USBD_LL_ClearStallEP
                0x08002c74       0x10 out/usbd_conf.o
                0x08002c74                USBD_LL_ClearStallEP
 .text.USBD_LL_IsStallEP
                0x08002c84       0x20 out/usbd_conf.o
                0x08002c84                USBD_LL_IsStallEP
 .text.USBD_LL_SetUSBAddress
                0x08002ca4       0x10 out/usbd_conf.o
                0x08002ca4                USBD_LL_SetUSBAddress
 .text.USBD_LL_Transmit
                0x08002cb4       0x10 out/usbd_conf.o
                0x08002cb4                USBD_LL_Transmit
 .text.USBD_LL_PrepareReceive
                0x08002cc4       0x10 out/usbd_conf.o
                0x08002cc4                USBD_LL_PrepareReceive
 .text.USBD_LL_GetRxDataSize
                0x08002cd4        0xc out/usbd_conf.o
                0x08002cd4                USBD_LL_GetRxDataSize
 .text.USBD_VCP_DeviceDescriptor
                0x08002ce0        0xc out/usbd_desc.o
                0x08002ce0                USBD_VCP_DeviceDescriptor
 .text.USBD_VCP_LangIDStrDescriptor
                0x08002cec        0xc out/usbd_desc.o
                0x08002cec                USBD_VCP_LangIDStrDescriptor
 .text.IntToUnicode
                0x08002cf8       0x30 out/usbd_desc.o
 .text.USBD_VCP_SerialStrDescriptor
                0x08002d28       0x38 out/usbd_desc.o
                0x08002d28                USBD_VCP_SerialStrDescriptor
 .text.USBD_VCP_ProductStrDescriptor
                0x08002d60       0x28 out/usbd_desc.o
                0x08002d60                USBD_VCP_ProductStrDescriptor
 .text.USBD_VCP_ManufacturerStrDescriptor
                0x08002d88       0x1c out/usbd_desc.o
                0x08002d88                USBD_VCP_ManufacturerStrDescriptor
 .text.USBD_VCP_ConfigStrDescriptor
                0x08002da4       0x18 out/usbd_desc.o
                0x08002da4                USBD_VCP_ConfigStrDescriptor
 .text.USBD_VCP_InterfaceStrDescriptor
                0x08002dbc       0x18 out/usbd_desc.o
                0x08002dbc                USBD_VCP_InterfaceStrDescriptor
 .text.HAL_InitTick
                0x08002dd4       0x28 out/stm32f4xx_hal.o
                0x08002dd4                HAL_InitTick
 .text.HAL_Init
                0x08002dfc       0x34 out/stm32f4xx_hal.o
                0x08002dfc                HAL_Init
 .text.HAL_IncTick
                0x08002e30       0x10 out/stm32f4xx_hal.o
                0x08002e30                HAL_IncTick
 .text.HAL_GetTick
                0x08002e40        0xc out/stm32f4xx_hal.o
                0x08002e40                HAL_GetTick
 .text.HAL_Delay
                0x08002e4c       0x1c out/stm32f4xx_hal.o
                0x08002e4c                HAL_Delay
 .text.HAL_ADC_MspInit
                0x08002e68        0x4 out/stm32f4xx_hal_adc.o
                0x08002e68                HAL_ADC_MspInit
 .text.HAL_ADC_Init
                0x08002e6c      0x13c out/stm32f4xx_hal_adc.o
                0x08002e6c                HAL_ADC_Init
 .text.HAL_ADC_Start
                0x08002fa8       0x88 out/stm32f4xx_hal_adc.o
                0x08002fa8                HAL_ADC_Start
 .text.HAL_ADC_GetValue
                0x08003030        0x8 out/stm32f4xx_hal_adc.o
                0x08003030                HAL_ADC_GetValue
 .text.HAL_ADC_ConfigChannel
                0x08003038      0x140 out/stm32f4xx_hal_adc.o
                0x08003038                HAL_ADC_ConfigChannel
 .text.HAL_NVIC_SetPriorityGrouping
                0x08003178       0x24 out/stm32f4xx_hal_cortex.o
                0x08003178                HAL_NVIC_SetPriorityGrouping
 .text.HAL_NVIC_SetPriority
                0x0800319c       0x64 out/stm32f4xx_hal_cortex.o
                0x0800319c                HAL_NVIC_SetPriority
 .text.HAL_NVIC_EnableIRQ
                0x08003200       0x18 out/stm32f4xx_hal_cortex.o
                0x08003200                HAL_NVIC_EnableIRQ
 .text.HAL_SYSTICK_Config
                0x08003218       0x2c out/stm32f4xx_hal_cortex.o
                0x08003218                HAL_SYSTICK_Config
 .text.HAL_GPIO_Init
                0x08003244      0x1d8 out/stm32f4xx_hal_gpio.o
                0x08003244                HAL_GPIO_Init
 .text.HAL_GPIO_WritePin
                0x0800341c        0xc out/stm32f4xx_hal_gpio.o
                0x0800341c                HAL_GPIO_WritePin
 .text.HAL_MspInit
                0x08003428        0x4 out/stm32f4xx_hal_msp_template.o
                0x08003428                HAL_MspInit
 .text.HAL_PCD_Init
                0x0800342c       0xcc out/stm32f4xx_hal_pcd.o
                0x0800342c                HAL_PCD_Init
 .text.HAL_PCD_Start
                0x080034f8       0x2c out/stm32f4xx_hal_pcd.o
                0x080034f8                HAL_PCD_Start
 .text.HAL_PCD_IRQHandler
                0x08003524      0x4dc out/stm32f4xx_hal_pcd.o
                0x08003524                HAL_PCD_IRQHandler
 .text.HAL_PCD_SetAddress
                0x08003a00       0x24 out/stm32f4xx_hal_pcd.o
                0x08003a00                HAL_PCD_SetAddress
 .text.HAL_PCD_EP_Open
                0x08003a24       0x6c out/stm32f4xx_hal_pcd.o
                0x08003a24                HAL_PCD_EP_Open
 .text.HAL_PCD_EP_Close
                0x08003a90       0x4c out/stm32f4xx_hal_pcd.o
                0x08003a90                HAL_PCD_EP_Close
 .text.HAL_PCD_EP_Receive
                0x08003adc       0x58 out/stm32f4xx_hal_pcd.o
                0x08003adc                HAL_PCD_EP_Receive
 .text.HAL_PCD_EP_GetRxCount
                0x08003b34       0x14 out/stm32f4xx_hal_pcd.o
                0x08003b34                HAL_PCD_EP_GetRxCount
 .text.HAL_PCD_EP_Transmit
                0x08003b48       0x58 out/stm32f4xx_hal_pcd.o
                0x08003b48                HAL_PCD_EP_Transmit
 .text.HAL_PCD_EP_SetStall
                0x08003ba0       0x64 out/stm32f4xx_hal_pcd.o
                0x08003ba0                HAL_PCD_EP_SetStall
 .text.HAL_PCD_EP_ClrStall
                0x08003c04       0x58 out/stm32f4xx_hal_pcd.o
                0x08003c04                HAL_PCD_EP_ClrStall
 .text.HAL_PCDEx_SetTxFiFo
                0x08003c5c       0x48 out/stm32f4xx_hal_pcd_ex.o
                0x08003c5c                HAL_PCDEx_SetTxFiFo
 .text.HAL_PCDEx_SetRxFiFo
                0x08003ca4        0x8 out/stm32f4xx_hal_pcd_ex.o
                0x08003ca4                HAL_PCDEx_SetRxFiFo
 .text.HAL_RCC_OscConfig
                0x08003cac      0x3d4 out/stm32f4xx_hal_rcc.o
                0x08003cac                HAL_RCC_OscConfig
 .text.HAL_RCC_ClockConfig
                0x08004080      0x250 out/stm32f4xx_hal_rcc.o
                0x08004080                HAL_RCC_ClockConfig
 .text.HAL_RCC_GetSysClockFreq
                0x080042d0       0x98 out/stm32f4xx_hal_rcc.o
                0x080042d0                HAL_RCC_GetSysClockFreq
 .text.HAL_RCC_GetHCLKFreq
                0x08004368       0x38 out/stm32f4xx_hal_rcc.o
                0x08004368                HAL_RCC_GetHCLKFreq
 .text.HAL_RNG_MspInit
                0x080043a0        0x4 out/stm32f4xx_hal_rng.o
                0x080043a0                HAL_RNG_MspInit
 .text.HAL_RNG_Init
                0x080043a4       0x2c out/stm32f4xx_hal_rng.o
                0x080043a4                HAL_RNG_Init
 .text.HAL_RNG_GetRandomNumber
                0x080043d0       0x3c out/stm32f4xx_hal_rng.o
                0x080043d0                HAL_RNG_GetRandomNumber
 .text.SPI_WaitOnFlagUntilTimeout
                0x0800440c       0xe4 out/stm32f4xx_hal_spi.o
 .text.HAL_SPI_MspInit
                0x080044f0        0x4 out/stm32f4xx_hal_spi.o
                0x080044f0                HAL_SPI_MspInit
 .text.HAL_SPI_Init
                0x080044f4       0x84 out/stm32f4xx_hal_spi.o
                0x080044f4                HAL_SPI_Init
 .text.HAL_SPI_TransmitReceive
                0x08004578      0x360 out/stm32f4xx_hal_spi.o
                0x08004578                HAL_SPI_TransmitReceive
 .text.HAL_TIM_Base_MspInit
                0x080048d8        0x4 out/stm32f4xx_hal_tim.o
                0x080048d8                HAL_TIM_Base_MspInit
 .text.HAL_TIM_Base_Start_IT
                0x080048dc       0x18 out/stm32f4xx_hal_tim.o
                0x080048dc                HAL_TIM_Base_Start_IT
 .text.TIM_Base_SetConfig
                0x080048f4       0xd0 out/stm32f4xx_hal_tim.o
                0x080048f4                TIM_Base_SetConfig
 .text.HAL_TIM_Base_Init
                0x080049c4       0x34 out/stm32f4xx_hal_tim.o
                0x080049c4                HAL_TIM_Base_Init
 .text.USB_CoreReset
                0x080049f8       0x38 out/stm32f4xx_ll_usb.o
 .text.USB_CoreInit
                0x08004a30       0x78 out/stm32f4xx_ll_usb.o
                0x08004a30                USB_CoreInit
 .text.USB_EnableGlobalInt
                0x08004aa8        0xc out/stm32f4xx_ll_usb.o
                0x08004aa8                USB_EnableGlobalInt
 .text.USB_DisableGlobalInt
                0x08004ab4        0xc out/stm32f4xx_ll_usb.o
                0x08004ab4                USB_DisableGlobalInt
 .text.USB_SetCurrentMode
                0x08004ac0       0x2c out/stm32f4xx_ll_usb.o
                0x08004ac0                USB_SetCurrentMode
 .text.USB_FlushTxFifo
                0x08004aec       0x24 out/stm32f4xx_ll_usb.o
                0x08004aec                USB_FlushTxFifo
 .text.USB_FlushRxFifo
                0x08004b10       0x20 out/stm32f4xx_ll_usb.o
                0x08004b10                USB_FlushRxFifo
 .text.USB_SetDevSpeed
                0x08004b30       0x10 out/stm32f4xx_ll_usb.o
                0x08004b30                USB_SetDevSpeed
 .text.USB_DevInit
                0x08004b40      0x15c out/stm32f4xx_ll_usb.o
                0x08004b40                USB_DevInit
 .text.USB_GetDevSpeed
                0x08004c9c       0x40 out/stm32f4xx_ll_usb.o
                0x08004c9c                USB_GetDevSpeed
 .text.USB_ActivateEndpoint
                0x08004cdc       0x90 out/stm32f4xx_ll_usb.o
                0x08004cdc                USB_ActivateEndpoint
 .text.USB_DeactivateEndpoint
                0x08004d6c       0x7c out/stm32f4xx_ll_usb.o
                0x08004d6c                USB_DeactivateEndpoint
 .text.USB_EP0StartXfer
                0x08004de8      0x15c out/stm32f4xx_ll_usb.o
                0x08004de8                USB_EP0StartXfer
 .text.USB_WritePacket
                0x08004f44       0x28 out/stm32f4xx_ll_usb.o
                0x08004f44                USB_WritePacket
 .text.USB_EPStartXfer
                0x08004f6c      0x234 out/stm32f4xx_ll_usb.o
                0x08004f6c                USB_EPStartXfer
 .text.USB_ReadPacket
                0x080051a0       0x28 out/stm32f4xx_ll_usb.o
                0x080051a0                USB_ReadPacket
 .text.USB_EPSetStall
                0x080051c8       0x58 out/stm32f4xx_ll_usb.o
                0x080051c8                USB_EPSetStall
 .text.USB_EPClearStall
                0x08005220       0x60 out/stm32f4xx_ll_usb.o
                0x08005220                USB_EPClearStall
 .text.USB_SetDevAddress
                0x08005280       0x20 out/stm32f4xx_ll_usb.o
                0x08005280                USB_SetDevAddress
 .text.USB_DevConnect
                0x080052a0       0x18 out/stm32f4xx_ll_usb.o
                0x080052a0                USB_DevConnect
 .text.USB_DevDisconnect
                0x080052b8       0x18 out/stm32f4xx_ll_usb.o
                0x080052b8                USB_DevDisconnect
 .text.USB_ReadInterrupts
                0x080052d0        0x8 out/stm32f4xx_ll_usb.o
                0x080052d0                USB_ReadInterrupts
 .text.USB_ReadDevAllOutEpInterrupt
                0x080052d8       0x10 out/stm32f4xx_ll_usb.o
                0x080052d8                USB_ReadDevAllOutEpInterrupt
 .text.USB_ReadDevAllInEpInterrupt
                0x080052e8       0x10 out/stm32f4xx_ll_usb.o
                0x080052e8                USB_ReadDevAllInEpInterrupt
 .text.USB_ReadDevOutEPInterrupt
                0x080052f8       0x14 out/stm32f4xx_ll_usb.o
                0x080052f8                USB_ReadDevOutEPInterrupt
 .text.USB_ReadDevInEPInterrupt
                0x0800530c       0x24 out/stm32f4xx_ll_usb.o
                0x0800530c                USB_ReadDevInEPInterrupt
 .text.USB_GetMode
                0x08005330        0x8 out/stm32f4xx_ll_usb.o
                0x08005330                USB_GetMode
 .text.USB_ActivateSetup
                0x08005338       0x38 out/stm32f4xx_ll_usb.o
                0x08005338                USB_ActivateSetup
 .text.USB_EP0_OutStart
                0x08005370       0x44 out/stm32f4xx_ll_usb.o
                0x08005370                USB_EP0_OutStart
 .text.USBD_CDC_DataIn
                0x080053b4       0x14 out/usbd_cdc.o
 .text.USBD_CDC_EP0_RxReady
                0x080053c8       0x28 out/usbd_cdc.o
 .text.USBD_CDC_GetFSCfgDesc
                0x080053f0        0xc out/usbd_cdc.o
 .text.USBD_CDC_GetHSCfgDesc
                0x080053fc        0xc out/usbd_cdc.o
 .text.USBD_CDC_GetOtherSpeedCfgDesc
                0x08005408        0xc out/usbd_cdc.o
 .text.USBD_CDC_GetDeviceQualifierDescriptor
                0x08005414        0xc out/usbd_cdc.o
                0x08005414                USBD_CDC_GetDeviceQualifierDescriptor
 .text.USBD_CDC_DataOut
                0x08005420       0x30 out/usbd_cdc.o
 .text.USBD_CDC_Setup
                0x08005450       0x60 out/usbd_cdc.o
 .text.USBD_CDC_DeInit
                0x080054b0       0x3c out/usbd_cdc.o
 .text.USBD_CDC_Init
                0x080054ec       0x98 out/usbd_cdc.o
 .text.USBD_CDC_RegisterInterface
                0x08005584       0x10 out/usbd_cdc.o
                0x08005584                USBD_CDC_RegisterInterface
 .text.USBD_CDC_SetTxBuffer
                0x08005594       0x10 out/usbd_cdc.o
                0x08005594                USBD_CDC_SetTxBuffer
 .text.USBD_CDC_SetRxBuffer
                0x080055a4        0xc out/usbd_cdc.o
                0x080055a4                USBD_CDC_SetRxBuffer
 .text.USBD_CDC_TransmitPacket
                0x080055b0       0x30 out/usbd_cdc.o
                0x080055b0                USBD_CDC_TransmitPacket
 .text.USBD_CDC_ReceivePacket
                0x080055e0       0x34 out/usbd_cdc.o
                0x080055e0                USBD_CDC_ReceivePacket
 .text.USBD_Init
                0x08005614       0x30 out/usbd_core.o
                0x08005614                USBD_Init
 .text.USBD_RegisterClass
                0x08005644       0x10 out/usbd_core.o
                0x08005644                USBD_RegisterClass
 .text.USBD_Start
                0x08005654        0xc out/usbd_core.o
                0x08005654                USBD_Start
 .text.USBD_SetClassConfig
                0x08005660       0x1c out/usbd_core.o
                0x08005660                USBD_SetClassConfig
 .text.USBD_ClrClassConfig
                0x0800567c       0x10 out/usbd_core.o
                0x0800567c                USBD_ClrClassConfig
 .text.USBD_LL_SetupStage
                0x0800568c       0x5c out/usbd_core.o
                0x0800568c                USBD_LL_SetupStage
 .text.USBD_LL_DataOutStage
                0x080056e8       0x60 out/usbd_core.o
                0x080056e8                USBD_LL_DataOutStage
 .text.USBD_LL_DataInStage
                0x08005748       0x8c out/usbd_core.o
                0x08005748                USBD_LL_DataInStage
 .text.USBD_LL_Reset
                0x080057d4       0x40 out/usbd_core.o
                0x080057d4                USBD_LL_Reset
 .text.USBD_LL_SetSpeed
                0x08005814        0x8 out/usbd_core.o
                0x08005814                USBD_LL_SetSpeed
 .text.USBD_LL_Suspend
                0x0800581c       0x14 out/usbd_core.o
                0x0800581c                USBD_LL_Suspend
 .text.USBD_LL_Resume
                0x08005830        0xc out/usbd_core.o
                0x08005830                USBD_LL_Resume
 .text.USBD_LL_SOF
                0x0800583c       0x18 out/usbd_core.o
                0x0800583c                USBD_LL_SOF
 .text.USBD_LL_IsoINIncomplete
                0x08005854        0x4 out/usbd_core.o
                0x08005854                USBD_LL_IsoINIncomplete
 .text.USBD_LL_IsoOUTIncomplete
                0x08005858        0x4 out/usbd_core.o
                0x08005858                USBD_LL_IsoOUTIncomplete
 .text.USBD_LL_DevConnected
                0x0800585c        0x4 out/usbd_core.o
                0x0800585c                USBD_LL_DevConnected
 .text.USBD_LL_DevDisconnected
                0x08005860       0x18 out/usbd_core.o
                0x08005860                USBD_LL_DevDisconnected
 .text.USBD_ParseSetupRequest
                0x08005878       0x28 out/usbd_ctlreq.o
                0x08005878                USBD_ParseSetupRequest
 .text.USBD_CtlError
                0x080058a0       0x14 out/usbd_ctlreq.o
                0x080058a0                USBD_CtlError
 .text.USBD_StdDevReq
                0x080058b4      0x318 out/usbd_ctlreq.o
                0x080058b4                USBD_StdDevReq
 .text.USBD_StdItfReq
                0x08005bcc       0x38 out/usbd_ctlreq.o
                0x08005bcc                USBD_StdItfReq
 .text.USBD_StdEPReq
                0x08005c04       0xf8 out/usbd_ctlreq.o
                0x08005c04                USBD_StdEPReq
 .text.USBD_GetString
                0x08005cfc       0x4c out/usbd_ctlreq.o
                0x08005cfc                USBD_GetString
 .text.USBD_CtlSendData
                0x08005d48       0x1c out/usbd_ioreq.o
                0x08005d48                USBD_CtlSendData
 .text.USBD_CtlContinueSendData
                0x08005d64       0x14 out/usbd_ioreq.o
                0x08005d64                USBD_CtlContinueSendData
 .text.USBD_CtlPrepareRx
                0x08005d78       0x20 out/usbd_ioreq.o
                0x08005d78                USBD_CtlPrepareRx
 .text.USBD_CtlContinueRx
                0x08005d98       0x14 out/usbd_ioreq.o
                0x08005d98                USBD_CtlContinueRx
 .text.USBD_CtlSendStatus
                0x08005dac       0x18 out/usbd_ioreq.o
                0x08005dac                USBD_CtlSendStatus
 .text.USBD_CtlReceiveStatus
                0x08005dc4       0x18 out/usbd_ioreq.o
                0x08005dc4                USBD_CtlReceiveStatus
 .text.disk_initialize
                0x08005ddc       0x10 out/diskio.o
                0x08005ddc                disk_initialize
 .text.disk_status
                0x08005dec       0x10 out/diskio.o
                0x08005dec                disk_status
 .text.disk_read
                0x08005dfc       0x14 out/diskio.o
                0x08005dfc                disk_read
 .text.disk_write
                0x08005e10       0x1c out/diskio.o
                0x08005e10                disk_write
 .text.disk_ioctl
                0x08005e2c       0x14 out/diskio.o
                0x08005e2c                disk_ioctl
 .text.get_fattime
                0x08005e40        0x8 out/diskio.o
                0x08005e40                get_fattime
 .text.xchg_spi
                0x08005e48        0x8 out/fatfs_sd.o
 .text.wait_ready
                0x08005e50       0x40 out/fatfs_sd.o
 .text.deselect
                0x08005e90       0x18 out/fatfs_sd.o
 .text.select   0x08005ea8       0x2c out/fatfs_sd.o
 .text.send_cmd
                0x08005ed4       0xb8 out/fatfs_sd.o
 .text.rcvr_datablock
                0x08005f8c       0x58 out/fatfs_sd.o
 .text.xmit_datablock
                0x08005fe4       0x4c out/fatfs_sd.o
 .text.TM_FATFS_SD_disk_initialize
                0x08006030      0x174 out/fatfs_sd.o
                0x08006030                TM_FATFS_SD_disk_initialize
 .text.TM_FATFS_SD_disk_status
                0x080061a4       0x14 out/fatfs_sd.o
                0x080061a4                TM_FATFS_SD_disk_status
 .text.TM_FATFS_SD_disk_read
                0x080061b8       0x7c out/fatfs_sd.o
                0x080061b8                TM_FATFS_SD_disk_read
 .text.TM_FATFS_SD_disk_write
                0x08006234       0xa0 out/fatfs_sd.o
                0x08006234                TM_FATFS_SD_disk_write
 .text.TM_FATFS_SD_disk_ioctl
                0x080062d4      0x22c out/fatfs_sd.o
                0x080062d4                TM_FATFS_SD_disk_ioctl
 .text.mem_cpy  0x08006500       0x14 out/ff.o
 .text.mem_set  0x08006514       0x10 out/ff.o
 .text.ld_clust
                0x08006524       0x20 out/ff.o
 .text.get_fileinfo
                0x08006544       0x68 out/ff.o
 .text.get_ldnumber
                0x080065ac       0x60 out/ff.o
 .text.sync_window
                0x0800660c       0x6c out/ff.o
 .text.move_window
                0x08006678       0x38 out/ff.o
 .text.check_fs
                0x080066b0       0x8c out/ff.o
 .text.validate
                0x0800673c       0x38 out/ff.o
 .text.find_volume
                0x08006774      0x37c out/ff.o
 .text.sync_fs  0x08006af0       0xbc out/ff.o
 .text.clust2sect
                0x08006bac       0x18 out/ff.o
                0x08006bac                clust2sect
 .text.get_fat  0x08006bc4       0xe8 out/ff.o
                0x08006bc4                get_fat
 .text.dir_sdi  0x08006cac       0xa0 out/ff.o
 .text.put_fat  0x08006d4c      0x108 out/ff.o
                0x08006d4c                put_fat
 .text.create_chain
                0x08006e54       0xd0 out/ff.o
 .text.dir_next
                0x08006f24      0x124 out/ff.o
 .text.follow_path
                0x08007048      0x210 out/ff.o
 .text.dir_alloc
                0x08007258       0x54 out/ff.o
 .text.dir_register
                0x080072ac       0x38 out/ff.o
 .text.dir_read
                0x080072e4       0x5c out/ff.o
 .text.remove_chain
                0x08007340       0x6c out/ff.o
 .text.f_mount  0x080073ac       0x64 out/ff.o
                0x080073ac                f_mount
 .text.f_open   0x08007410      0x170 out/ff.o
                0x08007410                f_open
 .text.f_write  0x08007580      0x1b0 out/ff.o
                0x08007580                f_write
 .text.putc_bfd
                0x08007730       0x48 out/ff.o
 .text.f_sync   0x08007778       0xac out/ff.o
                0x08007778                f_sync
 .text.f_close  0x08007824       0x20 out/ff.o
                0x08007824                f_close
 .text.f_opendir
                0x08007844       0x7c out/ff.o
                0x08007844                f_opendir
 .text.f_closedir
                0x080078c0       0x14 out/ff.o
                0x080078c0                f_closedir
 .text.f_readdir
                0x080078d4       0x5c out/ff.o
                0x080078d4                f_readdir
 .text.f_getfree
                0x08007930       0xe8 out/ff.o
                0x08007930                f_getfree
 .text.f_mkdir  0x08007a18      0x1cc out/ff.o
                0x08007a18                f_mkdir
 .text.f_puts   0x08007be4       0x54 out/ff.o
                0x08007be4                f_puts
 .text.malloc   0x08007c38       0x10 c:/gccarm/bin/../lib/gcc/arm-none-eabi/4.8.3/../../../../arm-none-eabi/lib/armv7e-m\libg.a(lib_a-malloc.o)
                0x08007c38                malloc
 .text.free     0x08007c48       0x10 c:/gccarm/bin/../lib/gcc/arm-none-eabi/4.8.3/../../../../arm-none-eabi/lib/armv7e-m\libg.a(lib_a-malloc.o)
                0x08007c48                free
 .text._malloc_r
                0x08007c58      0x538 c:/gccarm/bin/../lib/gcc/arm-none-eabi/4.8.3/../../../../arm-none-eabi/lib/armv7e-m\libg.a(lib_a-mallocr.o)
                0x08007c58                _malloc_r
 .text.memset   0x08008190       0x94 c:/gccarm/bin/../lib/gcc/arm-none-eabi/4.8.3/../../../../arm-none-eabi/lib/armv7e-m\libg.a(lib_a-memset.o)
                0x08008190                memset
 .text.__malloc_lock
                0x08008224        0x4 c:/gccarm/bin/../lib/gcc/arm-none-eabi/4.8.3/../../../../arm-none-eabi/lib/armv7e-m\libg.a(lib_a-mlock.o)
                0x08008224                __malloc_lock
 .text.__malloc_unlock
                0x08008228        0x4 c:/gccarm/bin/../lib/gcc/arm-none-eabi/4.8.3/../../../../arm-none-eabi/lib/armv7e-m\libg.a(lib_a-mlock.o)
                0x08008228                __malloc_unlock
 .text._sbrk_r  0x0800822c       0x24 c:/gccarm/bin/../lib/gcc/arm-none-eabi/4.8.3/../../../../arm-none-eabi/lib/armv7e-m\libg.a(lib_a-sbrkr.o)
                0x0800822c                _sbrk_r
 .text.sprintf  0x08008250       0x4c c:/gccarm/bin/../lib/gcc/arm-none-eabi/4.8.3/../../../../arm-none-eabi/lib/armv7e-m\libg.a(lib_a-sprintf.o)
                0x08008250                sprintf
 .text.sscanf   0x0800829c       0x58 c:/gccarm/bin/../lib/gcc/arm-none-eabi/4.8.3/../../../../arm-none-eabi/lib/armv7e-m\libg.a(lib_a-sscanf.o)
                0x0800829c                sscanf
 .text.__seofread
                0x080082f4        0x4 c:/gccarm/bin/../lib/gcc/arm-none-eabi/4.8.3/../../../../arm-none-eabi/lib/armv7e-m\libg.a(lib_a-stdio.o)
                0x080082f4                __seofread
 .text.strcpy   0x080082f8       0xbc c:/gccarm/bin/../lib/gcc/arm-none-eabi/4.8.3/../../../../arm-none-eabi/lib/armv7e-m\libg.a(lib_a-strcpy.o)
                0x080082f8                strcpy
 .text.strlen   0x080083b4       0x60 c:/gccarm/bin/../lib/gcc/arm-none-eabi/4.8.3/../../../../arm-none-eabi/lib/armv7e-m\libg.a(lib_a-strlen.o)
                0x080083b4                strlen
 .text.strncmp  0x08008414       0xb4 c:/gccarm/bin/../lib/gcc/arm-none-eabi/4.8.3/../../../../arm-none-eabi/lib/armv7e-m\libg.a(lib_a-strncmp.o)
                0x08008414                strncmp
 .text._svfprintf_r
                0x080084c8     0x14f8 c:/gccarm/bin/../lib/gcc/arm-none-eabi/4.8.3/../../../../arm-none-eabi/lib/armv7e-m\libg.a(lib_a-svfprintf.o)
                0x080084c8                _svfprintf_r
 .text.__ssvfscanf_r
                0x080099c0      0xe7c c:/gccarm/bin/../lib/gcc/arm-none-eabi/4.8.3/../../../../arm-none-eabi/lib/armv7e-m\libg.a(lib_a-svfscanf.o)
                0x080099c0                __ssvfscanf_r
 .text.quorem   0x0800a83c      0x130 c:/gccarm/bin/../lib/gcc/arm-none-eabi/4.8.3/../../../../arm-none-eabi/lib/armv7e-m\libg.a(lib_a-dtoa.o)
 *fill*         0x0800a96c        0x4 
 .text._dtoa_r  0x0800a970      0xe38 c:/gccarm/bin/../lib/gcc/arm-none-eabi/4.8.3/../../../../arm-none-eabi/lib/armv7e-m\libg.a(lib_a-dtoa.o)
                0x0800a970                _dtoa_r
 .text._malloc_trim_r
                0x0800b7a8       0x9c c:/gccarm/bin/../lib/gcc/arm-none-eabi/4.8.3/../../../../arm-none-eabi/lib/armv7e-m\libg.a(lib_a-freer.o)
                0x0800b7a8                _malloc_trim_r
 .text._free_r  0x0800b844      0x19c c:/gccarm/bin/../lib/gcc/arm-none-eabi/4.8.3/../../../../arm-none-eabi/lib/armv7e-m\libg.a(lib_a-freer.o)
                0x0800b844                _free_r
 .text.iswspace
                0x0800b9e0       0x1c c:/gccarm/bin/../lib/gcc/arm-none-eabi/4.8.3/../../../../arm-none-eabi/lib/armv7e-m\libg.a(lib_a-iswspace.o)
                0x0800b9e0                iswspace
 .text.__locale_charset
                0x0800b9fc        0x8 c:/gccarm/bin/../lib/gcc/arm-none-eabi/4.8.3/../../../../arm-none-eabi/lib/armv7e-m\libg.a(lib_a-locale.o)
                0x0800b9fc                __locale_charset
 .text.__locale_mb_cur_max
                0x0800ba04        0xc c:/gccarm/bin/../lib/gcc/arm-none-eabi/4.8.3/../../../../arm-none-eabi/lib/armv7e-m\libg.a(lib_a-locale.o)
                0x0800ba04                __locale_mb_cur_max
 .text._localeconv_r
                0x0800ba10        0x8 c:/gccarm/bin/../lib/gcc/arm-none-eabi/4.8.3/../../../../arm-none-eabi/lib/armv7e-m\libg.a(lib_a-locale.o)
                0x0800ba10                _localeconv_r
 .text._mbrtowc_r
                0x0800ba18       0x5c c:/gccarm/bin/../lib/gcc/arm-none-eabi/4.8.3/../../../../arm-none-eabi/lib/armv7e-m\libg.a(lib_a-mbrtowc.o)
                0x0800ba18                _mbrtowc_r
 .text.__ascii_mbtowc
                0x0800ba74       0x2c c:/gccarm/bin/../lib/gcc/arm-none-eabi/4.8.3/../../../../arm-none-eabi/lib/armv7e-m\libg.a(lib_a-mbtowc_r.o)
                0x0800ba74                __ascii_mbtowc
 .text.memchr   0x0800baa0       0x90 c:/gccarm/bin/../lib/gcc/arm-none-eabi/4.8.3/../../../../arm-none-eabi/lib/armv7e-m\libg.a(lib_a-memchr-stub.o)
                0x0800baa0                memchr
 .text._Balloc  0x0800bb30       0x4c c:/gccarm/bin/../lib/gcc/arm-none-eabi/4.8.3/../../../../arm-none-eabi/lib/armv7e-m\libg.a(lib_a-mprec.o)
                0x0800bb30                _Balloc
 .text._Bfree   0x0800bb7c       0x14 c:/gccarm/bin/../lib/gcc/arm-none-eabi/4.8.3/../../../../arm-none-eabi/lib/armv7e-m\libg.a(lib_a-mprec.o)
                0x0800bb7c                _Bfree
 .text.__multadd
                0x0800bb90       0x98 c:/gccarm/bin/../lib/gcc/arm-none-eabi/4.8.3/../../../../arm-none-eabi/lib/armv7e-m\libg.a(lib_a-mprec.o)
                0x0800bb90                __multadd
 .text.__s2b    0x0800bc28       0x98 c:/gccarm/bin/../lib/gcc/arm-none-eabi/4.8.3/../../../../arm-none-eabi/lib/armv7e-m\libg.a(lib_a-mprec.o)
                0x0800bc28                __s2b
 .text.__hi0bits
                0x0800bcc0       0x40 c:/gccarm/bin/../lib/gcc/arm-none-eabi/4.8.3/../../../../arm-none-eabi/lib/armv7e-m\libg.a(lib_a-mprec.o)
                0x0800bcc0                __hi0bits
 .text.__lo0bits
                0x0800bd00       0x5c c:/gccarm/bin/../lib/gcc/arm-none-eabi/4.8.3/../../../../arm-none-eabi/lib/armv7e-m\libg.a(lib_a-mprec.o)
                0x0800bd00                __lo0bits
 .text.__i2b    0x0800bd5c       0x14 c:/gccarm/bin/../lib/gcc/arm-none-eabi/4.8.3/../../../../arm-none-eabi/lib/armv7e-m\libg.a(lib_a-mprec.o)
                0x0800bd5c                __i2b
 .text.__multiply
                0x0800bd70      0x13c c:/gccarm/bin/../lib/gcc/arm-none-eabi/4.8.3/../../../../arm-none-eabi/lib/armv7e-m\libg.a(lib_a-mprec.o)
                0x0800bd70                __multiply
 .text.__pow5mult
                0x0800beac       0x9c c:/gccarm/bin/../lib/gcc/arm-none-eabi/4.8.3/../../../../arm-none-eabi/lib/armv7e-m\libg.a(lib_a-mprec.o)
                0x0800beac                __pow5mult
 .text.__lshift
                0x0800bf48       0xbc c:/gccarm/bin/../lib/gcc/arm-none-eabi/4.8.3/../../../../arm-none-eabi/lib/armv7e-m\libg.a(lib_a-mprec.o)
                0x0800bf48                __lshift
 .text.__mcmp   0x0800c004       0x48 c:/gccarm/bin/../lib/gcc/arm-none-eabi/4.8.3/../../../../arm-none-eabi/lib/armv7e-m\libg.a(lib_a-mprec.o)
                0x0800c004                __mcmp
 .text.__mdiff  0x0800c04c       0xd4 c:/gccarm/bin/../lib/gcc/arm-none-eabi/4.8.3/../../../../arm-none-eabi/lib/armv7e-m\libg.a(lib_a-mprec.o)
                0x0800c04c                __mdiff
 .text.__ulp    0x0800c120       0x40 c:/gccarm/bin/../lib/gcc/arm-none-eabi/4.8.3/../../../../arm-none-eabi/lib/armv7e-m\libg.a(lib_a-mprec.o)
                0x0800c120                __ulp
 .text.__b2d    0x0800c160       0xb4 c:/gccarm/bin/../lib/gcc/arm-none-eabi/4.8.3/../../../../arm-none-eabi/lib/armv7e-m\libg.a(lib_a-mprec.o)
                0x0800c160                __b2d
 .text.__d2b    0x0800c214       0xbc c:/gccarm/bin/../lib/gcc/arm-none-eabi/4.8.3/../../../../arm-none-eabi/lib/armv7e-m\libg.a(lib_a-mprec.o)
                0x0800c214                __d2b
 .text.__ratio  0x0800c2d0       0x50 c:/gccarm/bin/../lib/gcc/arm-none-eabi/4.8.3/../../../../arm-none-eabi/lib/armv7e-m\libg.a(lib_a-mprec.o)
                0x0800c2d0                __ratio
 .text.__copybits
                0x0800c320       0x48 c:/gccarm/bin/../lib/gcc/arm-none-eabi/4.8.3/../../../../arm-none-eabi/lib/armv7e-m\libg.a(lib_a-mprec.o)
                0x0800c320                __copybits
 .text.__any_on
                0x0800c368       0x60 c:/gccarm/bin/../lib/gcc/arm-none-eabi/4.8.3/../../../../arm-none-eabi/lib/armv7e-m\libg.a(lib_a-mprec.o)
                0x0800c368                __any_on
 .text.__fpclassifyd
                0x0800c3c8       0x50 c:/gccarm/bin/../lib/gcc/arm-none-eabi/4.8.3/../../../../arm-none-eabi/lib/armv7e-m\libg.a(lib_a-s_fpclassify.o)
                0x0800c3c8                __fpclassifyd
 .text.__sccl   0x0800c418       0x70 c:/gccarm/bin/../lib/gcc/arm-none-eabi/4.8.3/../../../../arm-none-eabi/lib/armv7e-m\libg.a(lib_a-sccl.o)
                0x0800c418                __sccl
 .text.nanf     0x0800c488        0x8 c:/gccarm/bin/../lib/gcc/arm-none-eabi/4.8.3/../../../../arm-none-eabi/lib/armv7e-m\libg.a(lib_a-sf_nan.o)
                0x0800c488                nanf
 .text.sulp     0x0800c490       0x40 c:/gccarm/bin/../lib/gcc/arm-none-eabi/4.8.3/../../../../arm-none-eabi/lib/armv7e-m\libg.a(lib_a-strtod.o)
 .text._strtod_r
                0x0800c4d0      0xf30 c:/gccarm/bin/../lib/gcc/arm-none-eabi/4.8.3/../../../../arm-none-eabi/lib/armv7e-m\libg.a(lib_a-strtod.o)
                0x0800c4d0                _strtod_r
 .text._strtol_r
                0x0800d400      0x114 c:/gccarm/bin/../lib/gcc/arm-none-eabi/4.8.3/../../../../arm-none-eabi/lib/armv7e-m\libg.a(lib_a-strtol.o)
                0x0800d400                _strtol_r
 .text._strtoll_r
                0x0800d514      0x19c c:/gccarm/bin/../lib/gcc/arm-none-eabi/4.8.3/../../../../arm-none-eabi/lib/armv7e-m\libg.a(lib_a-strtoll_r.o)
                0x0800d514                _strtoll_r
 .text._strtoul_r
                0x0800d6b0      0x120 c:/gccarm/bin/../lib/gcc/arm-none-eabi/4.8.3/../../../../arm-none-eabi/lib/armv7e-m\libg.a(lib_a-strtoul.o)
                0x0800d6b0                _strtoul_r
 .text._strtoull_r
                0x0800d7d0      0x190 c:/gccarm/bin/../lib/gcc/arm-none-eabi/4.8.3/../../../../arm-none-eabi/lib/armv7e-m\libg.a(lib_a-strtoull_r.o)
                0x0800d7d0                _strtoull_r
 .text.__ssprint_r
                0x0800d960      0x100 c:/gccarm/bin/../lib/gcc/arm-none-eabi/4.8.3/../../../../arm-none-eabi/lib/armv7e-m\libg.a(lib_a-svfiprintf.o)
                0x0800d960                __ssprint_r
 .text._sungetc_r
                0x0800da60       0x80 c:/gccarm/bin/../lib/gcc/arm-none-eabi/4.8.3/../../../../arm-none-eabi/lib/armv7e-m\libg.a(lib_a-svfiscanf.o)
                0x0800da60                _sungetc_r
 .text.__ssrefill_r
                0x0800dae0       0x3c c:/gccarm/bin/../lib/gcc/arm-none-eabi/4.8.3/../../../../arm-none-eabi/lib/armv7e-m\libg.a(lib_a-svfiscanf.o)
                0x0800dae0                __ssrefill_r
 .text._sfread_r
                0x0800db1c       0x80 c:/gccarm/bin/../lib/gcc/arm-none-eabi/4.8.3/../../../../arm-none-eabi/lib/armv7e-m\libg.a(lib_a-svfiscanf.o)
                0x0800db1c                _sfread_r
 .text.__submore
                0x0800db9c       0x78 c:/gccarm/bin/../lib/gcc/arm-none-eabi/4.8.3/../../../../arm-none-eabi/lib/armv7e-m\libg.a(lib_a-ungetc.o)
                0x0800db9c                __submore
 .text._calloc_r
                0x0800dc14       0x60 c:/gccarm/bin/../lib/gcc/arm-none-eabi/4.8.3/../../../../arm-none-eabi/lib/armv7e-m\libg.a(lib_a-callocr.o)
                0x0800dc14                _calloc_r
 .text.rshift   0x0800dc74       0xa0 c:/gccarm/bin/../lib/gcc/arm-none-eabi/4.8.3/../../../../arm-none-eabi/lib/armv7e-m\libg.a(lib_a-gdtoa-gethex.o)
 .text.__gethex
                0x0800dd14      0x530 c:/gccarm/bin/../lib/gcc/arm-none-eabi/4.8.3/../../../../arm-none-eabi/lib/armv7e-m\libg.a(lib_a-gdtoa-gethex.o)
                0x0800dd14                __gethex
 .text.__hexnan
                0x0800e244      0x194 c:/gccarm/bin/../lib/gcc/arm-none-eabi/4.8.3/../../../../arm-none-eabi/lib/armv7e-m\libg.a(lib_a-gdtoa-hexnan.o)
                0x0800e244                __hexnan
 .text.memmove  0x0800e3d8       0xc0 c:/gccarm/bin/../lib/gcc/arm-none-eabi/4.8.3/../../../../arm-none-eabi/lib/armv7e-m\libg.a(lib_a-memmove.o)
                0x0800e3d8                memmove
 .text._realloc_r
                0x0800e498      0x3cc c:/gccarm/bin/../lib/gcc/arm-none-eabi/4.8.3/../../../../arm-none-eabi/lib/armv7e-m\libg.a(lib_a-reallocr.o)
                0x0800e498                _realloc_r
 *(.rodata)
 *(.rodata*)
 .rodata.str1.4
                0x0800e864      0x445 out/cdc_shell.o
                                0x44c (size before relaxing)
 *fill*         0x0800eca9        0x3 
 .rodata.str1.4
                0x0800ecac       0x5d out/main.o
                                 0x64 (size before relaxing)
 *fill*         0x0800ed09        0x3 
 .rodata.str1.4
                0x0800ed0c       0x9e out/scheduler.o
                                 0xb4 (size before relaxing)
 *fill*         0x0800edaa        0x2 
 .rodata.str1.4
                0x0800edac       0x6f out/sd_card.o
                                 0x74 (size before relaxing)
 *fill*         0x0800ee1b        0x1 
 .rodata.str1.4
                0x0800ee1c       0x76 out/usbd_desc.o
                                 0x78 (size before relaxing)
 *fill*         0x0800ee92        0x2 
 .rodata.APBAHBPrescTable
                0x0800ee94       0x10 out/stm32f4xx_hal_rcc.o
                0x0800ee94                APBAHBPrescTable
 .rodata.str1.4
                0x0800eea4       0x20 out/ff.o
 .rodata.ExCvt  0x0800eec4       0x80 out/ff.o
 .rodata.zeroes.6760
                0x0800ef44       0x10 c:/gccarm/bin/../lib/gcc/arm-none-eabi/4.8.3/../../../../arm-none-eabi/lib/armv7e-m\libg.a(lib_a-svfprintf.o)
 .rodata.str1.4
                0x0800ef54       0x42 c:/gccarm/bin/../lib/gcc/arm-none-eabi/4.8.3/../../../../arm-none-eabi/lib/armv7e-m\libg.a(lib_a-svfprintf.o)
                                 0x44 (size before relaxing)
 *fill*         0x0800ef96        0x2 
 .rodata.blanks.6759
                0x0800ef98       0x10 c:/gccarm/bin/../lib/gcc/arm-none-eabi/4.8.3/../../../../arm-none-eabi/lib/armv7e-m\libg.a(lib_a-svfprintf.o)
 .rodata.basefix.6711
                0x0800efa8       0x24 c:/gccarm/bin/../lib/gcc/arm-none-eabi/4.8.3/../../../../arm-none-eabi/lib/armv7e-m\libg.a(lib_a-svfscanf.o)
 .rodata.str1.4
                0x0800efcc        0x5 c:/gccarm/bin/../lib/gcc/arm-none-eabi/4.8.3/../../../../arm-none-eabi/lib/armv7e-m\libg.a(lib_a-svfscanf.o)
                                  0x8 (size before relaxing)
 *fill*         0x0800efd1        0x3 
 .rodata._ctype_
                0x0800efd4      0x104 c:/gccarm/bin/../lib/gcc/arm-none-eabi/4.8.3/../../../../arm-none-eabi/lib/armv7e-m\libg.a(lib_a-ctype_.o)
                0x0800efd4                _ctype_
 .rodata.str1.4
                0x0800f0d8       0x10 c:/gccarm/bin/../lib/gcc/arm-none-eabi/4.8.3/../../../../arm-none-eabi/lib/armv7e-m\libg.a(lib_a-dtoa.o)
                                 0x14 (size before relaxing)
 .rodata.str1.4
                0x0800f0e8        0x2 c:/gccarm/bin/../lib/gcc/arm-none-eabi/4.8.3/../../../../arm-none-eabi/lib/armv7e-m\libg.a(lib_a-impure.o)
                                  0x4 (size before relaxing)
 *fill*         0x0800f0ea        0x2 
 .rodata.str1.4
                0x0800f0ec        0xa c:/gccarm/bin/../lib/gcc/arm-none-eabi/4.8.3/../../../../arm-none-eabi/lib/armv7e-m\libg.a(lib_a-locale.o)
                                 0x14 (size before relaxing)
 .rodata.str1.4
                0x00000000        0x4 c:/gccarm/bin/../lib/gcc/arm-none-eabi/4.8.3/../../../../arm-none-eabi/lib/armv7e-m\libg.a(lib_a-mbrtowc.o)
 *fill*         0x0800f0f6        0x2 
 .rodata.__mprec_tens
                0x0800f0f8       0xc8 c:/gccarm/bin/../lib/gcc/arm-none-eabi/4.8.3/../../../../arm-none-eabi/lib/armv7e-m\libg.a(lib_a-mprec.o)
                0x0800f0f8                __mprec_tens
 .rodata.__mprec_bigtens
                0x0800f1c0       0x28 c:/gccarm/bin/../lib/gcc/arm-none-eabi/4.8.3/../../../../arm-none-eabi/lib/armv7e-m\libg.a(lib_a-mprec.o)
                0x0800f1c0                __mprec_bigtens
 .rodata.p05.5266
                0x0800f1e8        0xc c:/gccarm/bin/../lib/gcc/arm-none-eabi/4.8.3/../../../../arm-none-eabi/lib/armv7e-m\libg.a(lib_a-mprec.o)
 .rodata.fpi.5235
                0x0800f1f4       0x14 c:/gccarm/bin/../lib/gcc/arm-none-eabi/4.8.3/../../../../arm-none-eabi/lib/armv7e-m\libg.a(lib_a-strtod.o)
 .rodata.fpinan.5271
                0x0800f208       0x14 c:/gccarm/bin/../lib/gcc/arm-none-eabi/4.8.3/../../../../arm-none-eabi/lib/armv7e-m\libg.a(lib_a-strtod.o)
 .rodata.str1.4
                0x0800f21c       0x10 c:/gccarm/bin/../lib/gcc/arm-none-eabi/4.8.3/../../../../arm-none-eabi/lib/armv7e-m\libg.a(lib_a-strtod.o)
 *fill*         0x0800f22c        0x4 
 .rodata.tinytens
                0x0800f230       0x28 c:/gccarm/bin/../lib/gcc/arm-none-eabi/4.8.3/../../../../arm-none-eabi/lib/armv7e-m\libg.a(lib_a-strtod.o)
 .rodata.__hexdig
                0x0800f258      0x100 c:/gccarm/bin/../lib/gcc/arm-none-eabi/4.8.3/../../../../arm-none-eabi/lib/armv7e-m\libg.a(lib_a-gdtoa-gethex.o)
                0x0800f258                __hexdig
 *(.glue_7)
 .glue_7        0x00000000        0x0 linker stubs
 *(.glue_7t)
 .glue_7t       0x00000000        0x0 linker stubs
 *(.eh_frame)
 *(.init)
 *(.fini)
                0x0800f358                . = ALIGN (0x4)
                0x0800f358                _etext = .

.vfp11_veneer   0x0800f358        0x0
 .vfp11_veneer  0x00000000        0x0 linker stubs

.v4_bx          0x0800f358        0x0
 .v4_bx         0x00000000        0x0 linker stubs

.iplt           0x0800f358        0x0
 .iplt          0x00000000        0x0 out/startup_stm32f4xx.o

.ARM.extab
 *(.ARM.extab* .gnu.linkonce.armextab.*)

.ARM            0x0800f358        0x8
                0x0800f358                __exidx_start = .
 *(.ARM.exidx*)
 .ARM.exidx     0x0800f358        0x8 c:/gccarm/bin/../lib/gcc/arm-none-eabi/4.8.3/armv7e-m\libgcc.a(_divdi3.o)
 .ARM.exidx     0x0800f360        0x0 c:/gccarm/bin/../lib/gcc/arm-none-eabi/4.8.3/armv7e-m\libgcc.a(_udivdi3.o)
                                  0x8 (size before relaxing)
                0x0800f360                __exidx_end = .

.rel.dyn        0x0800f360        0x0
 .rel.iplt      0x00000000        0x0 out/startup_stm32f4xx.o

.preinit_array  0x0800f360        0x0
                0x0800f360                PROVIDE (__preinit_array_start, .)
 *(.preinit_array*)
                0x0800f360                PROVIDE (__preinit_array_end, .)

.init_array     0x0800f360        0x0
                0x0800f360                PROVIDE (__init_array_start, .)
 *(SORT(.init_array.*))
 *(.init_array*)
                0x0800f360                PROVIDE (__init_array_end, .)

.fini_array     0x0800f360        0x0
                0x0800f360                PROVIDE (__fini_array_start, .)
 *(.fini_array*)
 *(SORT(.fini_array.*))
                0x0800f360                PROVIDE (__fini_array_end, .)
                0x0800f360                _sidata = .

.data           0x20000000      0xa24 load address 0x0800f360
                0x20000000                . = ALIGN (0x4)
                0x20000000                _sdata = .
 *(.data)
 *(.data*)
 .data.SystemCoreClock
                0x20000000        0x4 out/system_stm32f4xx.o
                0x20000000                SystemCoreClock
 .data.linecoding
                0x20000004        0x8 out/usbd_cdc_if.o
                0x20000004                linecoding
 .data.USBD_CDC_fops
                0x2000000c       0x10 out/usbd_cdc_if.o
                0x2000000c                USBD_CDC_fops
 .data.VCP_Desc
                0x2000001c       0x1c out/usbd_desc.o
                0x2000001c                VCP_Desc
 .data.USBD_LangIDDesc
                0x20000038        0x4 out/usbd_desc.o
                0x20000038                USBD_LangIDDesc
 .data.USBD_DeviceDesc
                0x2000003c       0x14 out/usbd_desc.o
                0x2000003c                USBD_DeviceDesc
 .data.USBD_StringSerial
                0x20000050       0x1c out/usbd_desc.o
                0x20000050                USBD_StringSerial
 .data.USBD_CDC_CfgFSDesc
                0x2000006c       0x44 out/usbd_cdc.o
                0x2000006c                USBD_CDC_CfgFSDesc
 .data.USBD_CDC
                0x200000b0       0x38 out/usbd_cdc.o
                0x200000b0                USBD_CDC
 .data.USBD_CDC_DeviceQualifierDesc
                0x200000e8        0xc out/usbd_cdc.o
 .data.USBD_CDC_OtherSpeedCfgDesc
                0x200000f4       0x44 out/usbd_cdc.o
                0x200000f4                USBD_CDC_OtherSpeedCfgDesc
 .data.USBD_CDC_CfgHSDesc
                0x20000138       0x44 out/usbd_cdc.o
                0x20000138                USBD_CDC_CfgHSDesc
 .data.TM_FATFS_SD_Stat
                0x2000017c        0x1 out/fatfs_sd.o
 *fill*         0x2000017d        0x3 
 .data.__malloc_av_
                0x20000180      0x408 c:/gccarm/bin/../lib/gcc/arm-none-eabi/4.8.3/../../../../arm-none-eabi/lib/armv7e-m\libg.a(lib_a-mallocr.o)
                0x20000180                __malloc_av_
 .data.__malloc_trim_threshold
                0x20000588        0x4 c:/gccarm/bin/../lib/gcc/arm-none-eabi/4.8.3/../../../../arm-none-eabi/lib/armv7e-m\libg.a(lib_a-mallocr.o)
                0x20000588                __malloc_trim_threshold
 .data.__malloc_sbrk_base
                0x2000058c        0x4 c:/gccarm/bin/../lib/gcc/arm-none-eabi/4.8.3/../../../../arm-none-eabi/lib/armv7e-m\libg.a(lib_a-mallocr.o)
                0x2000058c                __malloc_sbrk_base
 .data.__ctype_ptr__
                0x20000590        0x4 c:/gccarm/bin/../lib/gcc/arm-none-eabi/4.8.3/../../../../arm-none-eabi/lib/armv7e-m\libg.a(lib_a-ctype_.o)
                0x20000590                __ctype_ptr__
 *fill*         0x20000594        0x4 
 .data.impure_data
                0x20000598      0x428 c:/gccarm/bin/../lib/gcc/arm-none-eabi/4.8.3/../../../../arm-none-eabi/lib/armv7e-m\libg.a(lib_a-impure.o)
 .data._impure_ptr
                0x200009c0        0x4 c:/gccarm/bin/../lib/gcc/arm-none-eabi/4.8.3/../../../../arm-none-eabi/lib/armv7e-m\libg.a(lib_a-impure.o)
                0x200009c0                _impure_ptr
 .data.lconv    0x200009c4       0x38 c:/gccarm/bin/../lib/gcc/arm-none-eabi/4.8.3/../../../../arm-none-eabi/lib/armv7e-m\libg.a(lib_a-locale.o)
 .data.lc_ctype_charset
                0x200009fc       0x20 c:/gccarm/bin/../lib/gcc/arm-none-eabi/4.8.3/../../../../arm-none-eabi/lib/armv7e-m\libg.a(lib_a-locale.o)
 .data.__mb_cur_max
                0x20000a1c        0x4 c:/gccarm/bin/../lib/gcc/arm-none-eabi/4.8.3/../../../../arm-none-eabi/lib/armv7e-m\libg.a(lib_a-locale.o)
                0x20000a1c                __mb_cur_max
 .data.__mbtowc
                0x20000a20        0x4 c:/gccarm/bin/../lib/gcc/arm-none-eabi/4.8.3/../../../../arm-none-eabi/lib/armv7e-m\libg.a(lib_a-mbtowc_r.o)
                0x20000a20                __mbtowc
                0x20000a24                . = ALIGN (0x4)
                0x20000a24                _edata = .

.igot.plt       0x20000a24        0x0 load address 0x0800fd84
 .igot.plt      0x00000000        0x0 out/startup_stm32f4xx.o
                0x20000a24                . = ALIGN (0x4)

.bss            0x20000a24     0x1230 load address 0x0800fd84
                0x20000a24                _sbss = .
                0x20000a24                __bss_start__ = _sbss
 *(.bss)
 *(.bss*)
 .bss.s_pHeapEnd.4587
                0x20000a24        0x4 out/_sbrk.o
 .bss.past.9333
                0x20000a28       0x80 out/adc.o
 .bss.idx.9334  0x20000aa8        0x1 out/adc.o
 .bss.shell_initiated
                0x20000aa9        0x1 out/cdc_shell.o
                0x20000aa9                shell_initiated
 .bss.shell_cmds_used
                0x20000aaa        0x1 out/cdc_shell.o
                0x20000aaa                shell_cmds_used
 .bss.shell_outs_used
                0x20000aab        0x1 out/cdc_shell.o
                0x20000aab                shell_outs_used
 .bss.shell_input_idx
                0x20000aac        0x1 out/cdc_shell.o
                0x20000aac                shell_input_idx
 .bss.shell_hidden_cmds
                0x20000aad        0x1 out/cdc_shell.o
                0x20000aad                shell_hidden_cmds
 *fill*         0x20000aae        0x2 
 .bss.shell_input
                0x20000ab0      0x100 out/cdc_shell.o
                0x20000ab0                shell_input
 .bss.cdc_connected
                0x20000bb0        0x1 out/cdc_shell.o
                0x20000bb0                cdc_connected
 *fill*         0x20000bb1        0x3 
 .bss.TASK_shell_H
                0x20000bb4        0x4 out/main.o
                0x20000bb4                TASK_shell_H
 .bss.TASK_demo4_H
                0x20000bb8        0x4 out/main.o
                0x20000bb8                TASK_demo4_H
 .bss.TASK_demo2_H
                0x20000bbc        0x4 out/main.o
                0x20000bbc                TASK_demo2_H
 .bss.TASK_demo3_H
                0x20000bc0        0x4 out/main.o
                0x20000bc0                TASK_demo3_H
 .bss.TASK_alive_H
                0x20000bc4        0x4 out/main.o
                0x20000bc4                TASK_alive_H
 .bss.TASK_demo1_H
                0x20000bc8        0x4 out/main.o
                0x20000bc8                TASK_demo1_H
 .bss.TASK_shell_read_H
                0x20000bcc        0x4 out/main.o
                0x20000bcc                TASK_shell_read_H
 .bss.SCHEDULER_time
                0x20000bd0        0x4 out/scheduler.o
                0x20000bd0                SCHEDULER_time
 .bss.uwTick    0x20000bd4        0x4 out/stm32f4xx_hal.o
 .bss.cfgidx.9370
                0x20000bd8        0x1 out/usbd_ctlreq.o
 .bss.TM_FATFS_SD_CardType
                0x20000bd9        0x1 out/fatfs_sd.o
 .bss.Fsid      0x20000bda        0x2 out/ff.o
 .bss.FatFs     0x20000bdc        0x8 out/ff.o
 .bss.__malloc_max_total_mem
                0x20000be4        0x4 c:/gccarm/bin/../lib/gcc/arm-none-eabi/4.8.3/../../../../arm-none-eabi/lib/armv7e-m\libg.a(lib_a-mallocr.o)
                0x20000be4                __malloc_max_total_mem
 .bss.__malloc_max_sbrked_mem
                0x20000be8        0x4 c:/gccarm/bin/../lib/gcc/arm-none-eabi/4.8.3/../../../../arm-none-eabi/lib/armv7e-m\libg.a(lib_a-mallocr.o)
                0x20000be8                __malloc_max_sbrked_mem
 .bss.__malloc_top_pad
                0x20000bec        0x4 c:/gccarm/bin/../lib/gcc/arm-none-eabi/4.8.3/../../../../arm-none-eabi/lib/armv7e-m\libg.a(lib_a-mallocr.o)
                0x20000bec                __malloc_top_pad
 .bss.__malloc_current_mallinfo
                0x20000bf0       0x28 c:/gccarm/bin/../lib/gcc/arm-none-eabi/4.8.3/../../../../arm-none-eabi/lib/armv7e-m\libg.a(lib_a-mallocr.o)
                0x20000bf0                __malloc_current_mallinfo
 *(COMMON)
 COMMON         0x20000c18       0x44 out/adc.o
                0x20000c18                ADC_temperature_handler
 COMMON         0x20000c5c      0x82c out/cdc_shell.o
                0x20000c5c                s_RxBuffer
                0x20000e68                USBD_Device
                0x2000108c                shell_outs
                0x20001114                shell_cmds
 COMMON         0x20001488        0x8 out/rng.o
                0x20001488                RngHandle
 COMMON         0x20001490      0x2bc out/scheduler.o
                0x20001490                SCHEDULER_task_list
                0x20001710                SCHEDULER_Handle
 COMMON         0x2000174c       0x54 out/sd_card.o
                0x2000174c                SpiHandle
 COMMON         0x200017a0      0x3b0 out/usbd_conf.o
                0x200017a0                hpcd
 COMMON         0x20001b50      0x100 out/usbd_desc.o
                0x20001b50                USBD_StrDesc
 COMMON         0x20001c50        0x4 c:/gccarm/bin/../lib/gcc/arm-none-eabi/4.8.3/../../../../arm-none-eabi/lib/armv7e-m\libg.a(lib_a-reent.o)
                0x20001c50                errno
                0x20001c54                . = ALIGN (0x4)
                0x20001c54                _ebss = .
                0x20001c54                __bss_end__ = _ebss

._user_heap_stack
                0x20001c54      0x400 load address 0x0800fd84
                0x20001c54                . = ALIGN (0x4)
                0x20001c54                PROVIDE (end, .)
                0x20001c54                PROVIDE (_end, .)
                0x20001c54                . = (. + _Min_Heap_Size)
                0x20002054                . = (. + _Min_Stack_Size)
 *fill*         0x20001c54      0x400 
                0x20002054                . = ALIGN (0x4)

.memory_b1_text
 *(.mb1text)
 *(.mb1text*)
 *(.mb1rodata)
 *(.mb1rodata*)

/DISCARD/
 libc.a(*)
 libm.a(*)
 libgcc.a(*)

.ARM.attributes
                0x00000000       0x2f
 *(.ARM.attributes)
 .ARM.attributes
                0x00000000       0x21 out/startup_stm32f4xx.o
 .ARM.attributes
                0x00000021       0x33 out/_sbrk.o
 .ARM.attributes
                0x00000054       0x33 out/adc.o
 .ARM.attributes
                0x00000087       0x33 out/cdc_shell.o
 .ARM.attributes
                0x000000ba       0x33 out/main.o
 .ARM.attributes
                0x000000ed       0x33 out/rng.o
 .ARM.attributes
                0x00000120       0x33 out/scheduler.o
 .ARM.attributes
                0x00000153       0x33 out/sd_card.o
 .ARM.attributes
                0x00000186       0x33 out/stm32f4xx_it.o
 .ARM.attributes
                0x000001b9       0x33 out/system_stm32f4xx.o
 .ARM.attributes
                0x000001ec       0x33 out/usbd_cdc_if.o
 .ARM.attributes
                0x0000021f       0x33 out/usbd_conf.o
 .ARM.attributes
                0x00000252       0x33 out/usbd_desc.o
 .ARM.attributes
                0x00000285       0x33 out/stm32f4xx_hal.o
 .ARM.attributes
                0x000002b8       0x33 out/stm32f4xx_hal_adc.o
 .ARM.attributes
                0x000002eb       0x33 out/stm32f4xx_hal_cortex.o
 .ARM.attributes
                0x0000031e       0x33 out/stm32f4xx_hal_gpio.o
 .ARM.attributes
                0x00000351       0x33 out/stm32f4xx_hal_msp_template.o
 .ARM.attributes
                0x00000384       0x33 out/stm32f4xx_hal_pcd.o
 .ARM.attributes
                0x000003b7       0x33 out/stm32f4xx_hal_pcd_ex.o
 .ARM.attributes
                0x000003ea       0x33 out/stm32f4xx_hal_rcc.o
 .ARM.attributes
                0x0000041d       0x33 out/stm32f4xx_hal_rng.o
 .ARM.attributes
                0x00000450       0x33 out/stm32f4xx_hal_spi.o
 .ARM.attributes
                0x00000483       0x33 out/stm32f4xx_hal_tim.o
 .ARM.attributes
                0x000004b6       0x33 out/stm32f4xx_ll_usb.o
 .ARM.attributes
                0x000004e9       0x33 out/usbd_cdc.o
 .ARM.attributes
                0x0000051c       0x33 out/usbd_core.o
 .ARM.attributes
                0x0000054f       0x33 out/usbd_ctlreq.o
 .ARM.attributes
                0x00000582       0x33 out/usbd_ioreq.o
 .ARM.attributes
                0x000005b5       0x33 out/diskio.o
 .ARM.attributes
                0x000005e8       0x33 out/fatfs_sd.o
 .ARM.attributes
                0x0000061b       0x33 out/ff.o
 .ARM.attributes
                0x0000064e       0x1e c:/gccarm/bin/../lib/gcc/arm-none-eabi/4.8.3/armv7e-m\libgcc.a(_arm_addsubdf3.o)
 .ARM.attributes
                0x0000066c       0x1e c:/gccarm/bin/../lib/gcc/arm-none-eabi/4.8.3/armv7e-m\libgcc.a(_arm_muldivdf3.o)
 .ARM.attributes
                0x0000068a       0x1e c:/gccarm/bin/../lib/gcc/arm-none-eabi/4.8.3/armv7e-m\libgcc.a(_arm_fixunsdfsi.o)
 .ARM.attributes
                0x000006a8       0x1e c:/gccarm/bin/../lib/gcc/arm-none-eabi/4.8.3/armv7e-m\libgcc.a(_arm_truncdfsf2.o)
 .ARM.attributes
                0x000006c6       0x1e c:/gccarm/bin/../lib/gcc/arm-none-eabi/4.8.3/armv7e-m\libgcc.a(_arm_addsubsf3.o)
 .ARM.attributes
                0x000006e4       0x1e c:/gccarm/bin/../lib/gcc/arm-none-eabi/4.8.3/armv7e-m\libgcc.a(_arm_muldivsf3.o)
 .ARM.attributes
                0x00000702       0x2e c:/gccarm/bin/../lib/gcc/arm-none-eabi/4.8.3/../../../../arm-none-eabi/lib/armv7e-m\libg.a(lib_a-malloc.o)
 .ARM.attributes
                0x00000730       0x2e c:/gccarm/bin/../lib/gcc/arm-none-eabi/4.8.3/../../../../arm-none-eabi/lib/armv7e-m\libg.a(lib_a-mallocr.o)
 .ARM.attributes
                0x0000075e       0x1c c:/gccarm/bin/../lib/gcc/arm-none-eabi/4.8.3/../../../../arm-none-eabi/lib/armv7e-m\libg.a(lib_a-memcpy.o)
 .ARM.attributes
                0x0000077a       0x2e c:/gccarm/bin/../lib/gcc/arm-none-eabi/4.8.3/../../../../arm-none-eabi/lib/armv7e-m\libg.a(lib_a-memset.o)
 .ARM.attributes
                0x000007a8       0x2e c:/gccarm/bin/../lib/gcc/arm-none-eabi/4.8.3/../../../../arm-none-eabi/lib/armv7e-m\libg.a(lib_a-mlock.o)
 .ARM.attributes
                0x000007d6       0x2e c:/gccarm/bin/../lib/gcc/arm-none-eabi/4.8.3/../../../../arm-none-eabi/lib/armv7e-m\libg.a(lib_a-sbrkr.o)
 .ARM.attributes
                0x00000804       0x2e c:/gccarm/bin/../lib/gcc/arm-none-eabi/4.8.3/../../../../arm-none-eabi/lib/armv7e-m\libg.a(lib_a-sprintf.o)
 .ARM.attributes
                0x00000832       0x2e c:/gccarm/bin/../lib/gcc/arm-none-eabi/4.8.3/../../../../arm-none-eabi/lib/armv7e-m\libg.a(lib_a-sscanf.o)
 .ARM.attributes
                0x00000860       0x2e c:/gccarm/bin/../lib/gcc/arm-none-eabi/4.8.3/../../../../arm-none-eabi/lib/armv7e-m\libg.a(lib_a-stdio.o)
 .ARM.attributes
                0x0000088e       0x2e c:/gccarm/bin/../lib/gcc/arm-none-eabi/4.8.3/../../../../arm-none-eabi/lib/armv7e-m\libg.a(lib_a-strcpy.o)
 .ARM.attributes
                0x000008bc       0x2e c:/gccarm/bin/../lib/gcc/arm-none-eabi/4.8.3/../../../../arm-none-eabi/lib/armv7e-m\libg.a(lib_a-strlen.o)
 .ARM.attributes
                0x000008ea       0x2e c:/gccarm/bin/../lib/gcc/arm-none-eabi/4.8.3/../../../../arm-none-eabi/lib/armv7e-m\libg.a(lib_a-strncmp.o)
 .ARM.attributes
                0x00000918       0x2e c:/gccarm/bin/../lib/gcc/arm-none-eabi/4.8.3/../../../../arm-none-eabi/lib/armv7e-m\libg.a(lib_a-svfprintf.o)
 .ARM.attributes
                0x00000946       0x2e c:/gccarm/bin/../lib/gcc/arm-none-eabi/4.8.3/../../../../arm-none-eabi/lib/armv7e-m\libg.a(lib_a-svfscanf.o)
 .ARM.attributes
                0x00000974       0x2e c:/gccarm/bin/../lib/gcc/arm-none-eabi/4.8.3/../../../../arm-none-eabi/lib/armv7e-m\libg.a(lib_a-ctype_.o)
 .ARM.attributes
                0x000009a2       0x2e c:/gccarm/bin/../lib/gcc/arm-none-eabi/4.8.3/../../../../arm-none-eabi/lib/armv7e-m\libg.a(lib_a-dtoa.o)
 .ARM.attributes
                0x000009d0       0x2e c:/gccarm/bin/../lib/gcc/arm-none-eabi/4.8.3/../../../../arm-none-eabi/lib/armv7e-m\libg.a(lib_a-freer.o)
 .ARM.attributes
                0x000009fe       0x2e c:/gccarm/bin/../lib/gcc/arm-none-eabi/4.8.3/../../../../arm-none-eabi/lib/armv7e-m\libg.a(lib_a-impure.o)
 .ARM.attributes
                0x00000a2c       0x2e c:/gccarm/bin/../lib/gcc/arm-none-eabi/4.8.3/../../../../arm-none-eabi/lib/armv7e-m\libg.a(lib_a-iswspace.o)
 .ARM.attributes
                0x00000a5a       0x2e c:/gccarm/bin/../lib/gcc/arm-none-eabi/4.8.3/../../../../arm-none-eabi/lib/armv7e-m\libg.a(lib_a-locale.o)
 .ARM.attributes
                0x00000a88       0x2e c:/gccarm/bin/../lib/gcc/arm-none-eabi/4.8.3/../../../../arm-none-eabi/lib/armv7e-m\libg.a(lib_a-mbrtowc.o)
 .ARM.attributes
                0x00000ab6       0x2e c:/gccarm/bin/../lib/gcc/arm-none-eabi/4.8.3/../../../../arm-none-eabi/lib/armv7e-m\libg.a(lib_a-mbtowc_r.o)
 .ARM.attributes
                0x00000ae4       0x2e c:/gccarm/bin/../lib/gcc/arm-none-eabi/4.8.3/../../../../arm-none-eabi/lib/armv7e-m\libg.a(lib_a-memchr-stub.o)
 .ARM.attributes
                0x00000b12       0x2e c:/gccarm/bin/../lib/gcc/arm-none-eabi/4.8.3/../../../../arm-none-eabi/lib/armv7e-m\libg.a(lib_a-mprec.o)
 .ARM.attributes
                0x00000b40       0x2e c:/gccarm/bin/../lib/gcc/arm-none-eabi/4.8.3/../../../../arm-none-eabi/lib/armv7e-m\libg.a(lib_a-reent.o)
 .ARM.attributes
                0x00000b6e       0x2e c:/gccarm/bin/../lib/gcc/arm-none-eabi/4.8.3/../../../../arm-none-eabi/lib/armv7e-m\libg.a(lib_a-s_fpclassify.o)
 .ARM.attributes
                0x00000b9c       0x2e c:/gccarm/bin/../lib/gcc/arm-none-eabi/4.8.3/../../../../arm-none-eabi/lib/armv7e-m\libg.a(lib_a-sccl.o)
 .ARM.attributes
                0x00000bca       0x2e c:/gccarm/bin/../lib/gcc/arm-none-eabi/4.8.3/../../../../arm-none-eabi/lib/armv7e-m\libg.a(lib_a-sf_nan.o)
 .ARM.attributes
                0x00000bf8       0x2e c:/gccarm/bin/../lib/gcc/arm-none-eabi/4.8.3/../../../../arm-none-eabi/lib/armv7e-m\libg.a(lib_a-strtod.o)
 .ARM.attributes
                0x00000c26       0x2e c:/gccarm/bin/../lib/gcc/arm-none-eabi/4.8.3/../../../../arm-none-eabi/lib/armv7e-m\libg.a(lib_a-strtol.o)
 .ARM.attributes
                0x00000c54       0x2e c:/gccarm/bin/../lib/gcc/arm-none-eabi/4.8.3/../../../../arm-none-eabi/lib/armv7e-m\libg.a(lib_a-strtoll_r.o)
 .ARM.attributes
                0x00000c82       0x2e c:/gccarm/bin/../lib/gcc/arm-none-eabi/4.8.3/../../../../arm-none-eabi/lib/armv7e-m\libg.a(lib_a-strtoul.o)
 .ARM.attributes
                0x00000cb0       0x2e c:/gccarm/bin/../lib/gcc/arm-none-eabi/4.8.3/../../../../arm-none-eabi/lib/armv7e-m\libg.a(lib_a-strtoull_r.o)
 .ARM.attributes
                0x00000cde       0x2e c:/gccarm/bin/../lib/gcc/arm-none-eabi/4.8.3/../../../../arm-none-eabi/lib/armv7e-m\libg.a(lib_a-svfiprintf.o)
 .ARM.attributes
                0x00000d0c       0x2e c:/gccarm/bin/../lib/gcc/arm-none-eabi/4.8.3/../../../../arm-none-eabi/lib/armv7e-m\libg.a(lib_a-svfiscanf.o)
 .ARM.attributes
                0x00000d3a       0x2e c:/gccarm/bin/../lib/gcc/arm-none-eabi/4.8.3/../../../../arm-none-eabi/lib/armv7e-m\libg.a(lib_a-ungetc.o)
 .ARM.attributes
                0x00000d68       0x2e c:/gccarm/bin/../lib/gcc/arm-none-eabi/4.8.3/../../../../arm-none-eabi/lib/armv7e-m\libg.a(lib_a-callocr.o)
 .ARM.attributes
                0x00000d96       0x2e c:/gccarm/bin/../lib/gcc/arm-none-eabi/4.8.3/../../../../arm-none-eabi/lib/armv7e-m\libg.a(lib_a-gdtoa-gethex.o)
 .ARM.attributes
                0x00000dc4       0x2e c:/gccarm/bin/../lib/gcc/arm-none-eabi/4.8.3/../../../../arm-none-eabi/lib/armv7e-m\libg.a(lib_a-gdtoa-hexnan.o)
 .ARM.attributes
                0x00000df2       0x2e c:/gccarm/bin/../lib/gcc/arm-none-eabi/4.8.3/../../../../arm-none-eabi/lib/armv7e-m\libg.a(lib_a-memmove.o)
 .ARM.attributes
                0x00000e20       0x2e c:/gccarm/bin/../lib/gcc/arm-none-eabi/4.8.3/../../../../arm-none-eabi/lib/armv7e-m\libg.a(lib_a-reallocr.o)
 .ARM.attributes
                0x00000e4e       0x1e c:/gccarm/bin/../lib/gcc/arm-none-eabi/4.8.3/armv7e-m\libgcc.a(_arm_cmpdf2.o)
 .ARM.attributes
                0x00000e6c       0x1e c:/gccarm/bin/../lib/gcc/arm-none-eabi/4.8.3/armv7e-m\libgcc.a(_arm_fixdfsi.o)
 .ARM.attributes
                0x00000e8a       0x1e c:/gccarm/bin/../lib/gcc/arm-none-eabi/4.8.3/armv7e-m\libgcc.a(_aeabi_uldivmod.o)
 .ARM.attributes
                0x00000ea8       0x2e c:/gccarm/bin/../lib/gcc/arm-none-eabi/4.8.3/armv7e-m\libgcc.a(bpabi.o)
 .ARM.attributes
                0x00000ed6       0x1e c:/gccarm/bin/../lib/gcc/arm-none-eabi/4.8.3/armv7e-m\libgcc.a(_dvmd_tls.o)
 .ARM.attributes
                0x00000ef4       0x2e c:/gccarm/bin/../lib/gcc/arm-none-eabi/4.8.3/armv7e-m\libgcc.a(_divdi3.o)
 .ARM.attributes
                0x00000f22       0x2e c:/gccarm/bin/../lib/gcc/arm-none-eabi/4.8.3/armv7e-m\libgcc.a(_udivdi3.o)
OUTPUT(out/FIRMWARE.elf elf32-littlearm)

.debug_line     0x00000000     0x79c9
 .debug_line    0x00000000       0x75 out/startup_stm32f4xx.o
 .debug_line    0x00000075       0x6f out/_sbrk.o
 .debug_line    0x000000e4      0x1a6 out/adc.o
 .debug_line    0x0000028a      0x43f out/cdc_shell.o
 .debug_line    0x000006c9      0x380 out/main.o
 .debug_line    0x00000a49      0x167 out/rng.o
 .debug_line    0x00000bb0      0x3b0 out/scheduler.o
 .debug_line    0x00000f60      0x2bf out/sd_card.o
 .debug_line    0x0000121f      0x218 out/stm32f4xx_it.o
 .debug_line    0x00001437      0x15d out/system_stm32f4xx.o
 .debug_line    0x00001594      0x19b out/usbd_cdc_if.o
 .debug_line    0x0000172f      0x41c out/usbd_conf.o
 .debug_line    0x00001b4b      0x1ab out/usbd_desc.o
 .debug_line    0x00001cf6      0x304 out/stm32f4xx_hal.o
 .debug_line    0x00001ffa      0x58f out/stm32f4xx_hal_adc.o
 .debug_line    0x00002589      0x2bd out/stm32f4xx_hal_cortex.o
 .debug_line    0x00002846      0x2d1 out/stm32f4xx_hal_gpio.o
 .debug_line    0x00002b17      0x124 out/stm32f4xx_hal_msp_template.o
 .debug_line    0x00002c3b      0x63f out/stm32f4xx_hal_pcd.o
 .debug_line    0x0000327a      0x1ad out/stm32f4xx_hal_pcd_ex.o
 .debug_line    0x00003427      0x594 out/stm32f4xx_hal_rcc.o
 .debug_line    0x000039bb      0x29a out/stm32f4xx_hal_rng.o
 .debug_line    0x00003c55      0xa19 out/stm32f4xx_hal_spi.o
 .debug_line    0x0000466e      0xfd6 out/stm32f4xx_hal_tim.o
 .debug_line    0x00005644      0x6fc out/stm32f4xx_ll_usb.o
 .debug_line    0x00005d40      0x320 out/usbd_cdc.o
 .debug_line    0x00006060      0x30d out/usbd_core.o
 .debug_line    0x0000636d      0x240 out/usbd_ctlreq.o
 .debug_line    0x000065ad      0x1a7 out/usbd_ioreq.o
 .debug_line    0x00006754      0x173 out/diskio.o
 .debug_line    0x000068c7      0x3a6 out/fatfs_sd.o
 .debug_line    0x00006c6d      0xd5c out/ff.o

.debug_info     0x00000000    0x1d5fd
 .debug_info    0x00000000       0x71 out/startup_stm32f4xx.o
 .debug_info    0x00000071      0x109 out/_sbrk.o
 .debug_info    0x0000017a      0x9fe out/adc.o
 .debug_info    0x00000b78     0x1663 out/cdc_shell.o
 .debug_info    0x000021db     0x182b out/main.o
 .debug_info    0x00003a06      0x46b out/rng.o
 .debug_info    0x00003e71     0x13fb out/scheduler.o
 .debug_info    0x0000526c     0x13fc out/sd_card.o
 .debug_info    0x00006668      0x605 out/stm32f4xx_it.o
 .debug_info    0x00006c6d      0x63e out/system_stm32f4xx.o
 .debug_info    0x000072ab      0x79e out/usbd_cdc_if.o
 .debug_info    0x00007a49     0x1d8d out/usbd_conf.o
 .debug_info    0x000097d6      0x5a1 out/usbd_desc.o
 .debug_info    0x00009d77      0x964 out/stm32f4xx_hal.o
 .debug_info    0x0000a6db      0xe8e out/stm32f4xx_hal_adc.o
 .debug_info    0x0000b569      0xd7f out/stm32f4xx_hal_cortex.o
 .debug_info    0x0000c2e8      0x786 out/stm32f4xx_hal_gpio.o
 .debug_info    0x0000ca6e       0xf4 out/stm32f4xx_hal_msp_template.o
 .debug_info    0x0000cb62     0x171c out/stm32f4xx_hal_pcd.o
 .debug_info    0x0000e27e      0x5af out/stm32f4xx_hal_pcd_ex.o
 .debug_info    0x0000e82d     0x10d6 out/stm32f4xx_hal_rcc.o
 .debug_info    0x0000f903      0x437 out/stm32f4xx_hal_rng.o
 .debug_info    0x0000fd3a     0x1726 out/stm32f4xx_hal_spi.o
 .debug_info    0x00011460     0x3383 out/stm32f4xx_hal_tim.o
 .debug_info    0x000147e3     0x17e5 out/stm32f4xx_ll_usb.o
 .debug_info    0x00015fc8      0xe5d out/usbd_cdc.o
 .debug_info    0x00016e25      0xd8b out/usbd_core.o
 .debug_info    0x00017bb0      0xf8f out/usbd_ctlreq.o
 .debug_info    0x00018b3f      0x828 out/usbd_ioreq.o
 .debug_info    0x00019367      0x3b4 out/diskio.o
 .debug_info    0x0001971b      0xdb8 out/fatfs_sd.o
 .debug_info    0x0001a4d3     0x312a out/ff.o

.debug_abbrev   0x00000000     0x4660
 .debug_abbrev  0x00000000       0x12 out/startup_stm32f4xx.o
 .debug_abbrev  0x00000012       0x90 out/_sbrk.o
 .debug_abbrev  0x000000a2      0x1d6 out/adc.o
 .debug_abbrev  0x00000278      0x398 out/cdc_shell.o
 .debug_abbrev  0x00000610      0x361 out/main.o
 .debug_abbrev  0x00000971      0x188 out/rng.o
 .debug_abbrev  0x00000af9      0x375 out/scheduler.o
 .debug_abbrev  0x00000e6e      0x29c out/sd_card.o
 .debug_abbrev  0x0000110a      0x172 out/stm32f4xx_it.o
 .debug_abbrev  0x0000127c      0x163 out/system_stm32f4xx.o
 .debug_abbrev  0x000013df      0x1cd out/usbd_cdc_if.o
 .debug_abbrev  0x000015ac      0x2e0 out/usbd_conf.o
 .debug_abbrev  0x0000188c      0x1d0 out/usbd_desc.o
 .debug_abbrev  0x00001a5c      0x1f6 out/stm32f4xx_hal.o
 .debug_abbrev  0x00001c52      0x2ab out/stm32f4xx_hal_adc.o
 .debug_abbrev  0x00001efd      0x2b6 out/stm32f4xx_hal_cortex.o